Component: ARM Compiler 5.06 update 6 (build 750) Tool: armlink [4d35ed]

==============================================================================

Section Cross References

    startup_stm32g431xx.o(RESET) refers to startup_stm32g431xx.o(STACK) for __initial_sp
    startup_stm32g431xx.o(RESET) refers to startup_stm32g431xx.o(.text) for Reset_Handler
    startup_stm32g431xx.o(RESET) refers to stm32g4xx_it.o(i.NMI_Handler) for NMI_Handler
    startup_stm32g431xx.o(RESET) refers to stm32g4xx_it.o(i.HardFault_Handler) for HardFault_Handler
    startup_stm32g431xx.o(RESET) refers to stm32g4xx_it.o(i.MemManage_Handler) for MemManage_Handler
    startup_stm32g431xx.o(RESET) refers to stm32g4xx_it.o(i.BusFault_Handler) for BusFault_Handler
    startup_stm32g431xx.o(RESET) refers to stm32g4xx_it.o(i.UsageFault_Handler) for UsageFault_Handler
    startup_stm32g431xx.o(RESET) refers to port.o(.emb_text) for SVC_Handler
    startup_stm32g431xx.o(RESET) refers to stm32g4xx_it.o(i.DebugMon_Handler) for DebugMon_Handler
    startup_stm32g431xx.o(RESET) refers to stm32g4xx_it.o(i.SysTick_Handler) for SysTick_Handler
    startup_stm32g431xx.o(RESET) refers to stm32g4xx_it.o(i.DMA1_Channel1_IRQHandler) for DMA1_Channel1_IRQHandler
    startup_stm32g431xx.o(RESET) refers to stm32g4xx_it.o(i.USART3_IRQHandler) for USART3_IRQHandler
    startup_stm32g431xx.o(.text) refers to system_stm32g4xx.o(i.SystemInit) for SystemInit
    startup_stm32g431xx.o(.text) refers to entry.o(.ARM.Collect$$$$00000000) for __main
    utils.o(i.get_file_handle_from_buffer) refers to printf4.o(i.__0printf$4) for __2printf
    utils.o(i.get_file_handle_from_buffer) refers to strstr.o(.text) for strstr
    utils.o(i.get_file_handle_from_buffer) refers to strlen.o(.text) for strlen
    utils.o(i.get_file_handle_from_buffer) refers to strchr.o(.text) for strchr
    utils.o(i.get_file_handle_from_buffer) refers to strncpy.o(.text) for strncpy
    utils.o(i.get_file_handle_from_buffer) refers to utils.o(.data) for .data
    utils.o(i.get_file_handle_string) refers to utils.o(.data) for .data
    utils.o(i.isCorrectCommand) refers to strstr.o(.text) for strstr
    utils.o(i.isCorrectCommandFirst) refers to strncpy.o(.text) for strncpy
    utils.o(i.isCorrectCommandFirst) refers to strstr.o(.text) for strstr
    utils.o(i.isCorrectCommandFromLast) refers to usart.o(i.get_current_buffer_length) for get_current_buffer_length
    utils.o(i.isCorrectCommandFromLast) refers to strstr.o(.text) for strstr
    utils.o(i.jump_to_app) refers to printf4.o(i.__0printf$4) for __2printf
    utils.o(i.should_update) refers to printf4.o(i.__0printf$4) for __2printf
    at_statemachine.o(i.get_current_state_index) refers to at_statemachine.o(.bss) for .bss
    at_statemachine.o(i.init_statemachine) refers to at_statemachine.o(.constdata) for .constdata
    at_statemachine.o(i.init_statemachine) refers to at_statemachine.o(.data) for .data
    at_statemachine.o(i.init_statemachine) refers to at_statemachine.o(.bss) for .bss
    at_statemachine.o(i.jump_to_next_at_statemachine) refers to at_statemachine.o(.data) for .data
    at_statemachine.o(i.jump_to_next_at_statemachine) refers to at_statemachine.o(.bss) for .bss
    at_statemachine.o(.constdata) refers to at_read_file_state.o(i.at_list_file_action1) for at_list_file_action1
    at_statemachine.o(.constdata) refers to at_read_file_state.o(i.at_list_file_action2) for at_list_file_action2
    at_statemachine.o(.constdata) refers to at_read_file_state.o(i.at_open_file_action1) for at_open_file_action1
    at_statemachine.o(.constdata) refers to at_read_file_state.o(i.at_open_file_action2) for at_open_file_action2
    at_statemachine.o(.constdata) refers to at_read_file_state.o(i.at_read_file_action1) for at_read_file_action1
    at_statemachine.o(.constdata) refers to at_read_file_state.o(i.at_read_file_action2) for at_read_file_action2
    at_statemachine.o(.constdata) refers to at_read_file_state.o(i.at_close_file_action1) for at_close_file_action1
    at_statemachine.o(.constdata) refers to at_read_file_state.o(i.at_close_file_action2) for at_close_file_action2
    at_read_file_state.o(i.at_close_file_action1) refers to printf4.o(i.__0printf$4) for __2printf
    at_read_file_state.o(i.at_close_file_action1) refers to utils.o(i.get_file_handle_string) for get_file_handle_string
    at_read_file_state.o(i.at_close_file_action1) refers to printf4.o(i.__0sprintf$4) for __2sprintf
    at_read_file_state.o(i.at_close_file_action1) refers to usart.o(i.send_at_command) for send_at_command
    at_read_file_state.o(i.at_close_file_action2) refers to utils.o(i.isCorrectCommand) for isCorrectCommand
    at_read_file_state.o(i.at_list_file_action1) refers to printf4.o(i.__0printf$4) for __2printf
    at_read_file_state.o(i.at_list_file_action1) refers to usart.o(i.send_at_command) for send_at_command
    at_read_file_state.o(i.at_list_file_action2) refers to utils.o(i.isCorrectCommand) for isCorrectCommand
[...]
    ../clib/microlib/stubs.s                 0x00000000   Number         0  iusefp.o ABSOLUTE
    ../fplib/microlib/fpadd.c                0x00000000   Number         0  dadd.o ABSOLUTE
    ../fplib/microlib/fpdiv.c                0x00000000   Number         0  ddiv.o ABSOLUTE
    ../fplib/microlib/fpepilogue.c           0x00000000   Number         0  depilogue.o ABSOLUTE
    ../fplib/microlib/fpfix.c                0x00000000   Number         0  dfixul.o ABSOLUTE
    ../fplib/microlib/fpmul.c                0x00000000   Number         0  dmul.o ABSOLUTE
    ..\Core\Src\app_freertos.c               0x00000000   Number         0  app_freertos.o ABSOLUTE
    ..\Core\Src\at_read_file_state.c         0x00000000   Number         0  at_read_file_state.o ABSOLUTE
    ..\Core\Src\at_statemachine.c            0x00000000   Number         0  at_statemachine.o ABSOLUTE
    ..\Core\Src\dma.c                        0x00000000   Number         0  dma.o ABSOLUTE
    ..\Core\Src\gpio.c                       0x00000000   Number         0  gpio.o ABSOLUTE
    ..\Core\Src\main.c                       0x00000000   Number         0  main.o ABSOLUTE
    ..\Core\Src\stm32g4xx_hal_msp.c          0x00000000   Number         0  stm32g4xx_hal_msp.o ABSOLUTE
    ..\Core\Src\stm32g4xx_it.c               0x00000000   Number         0  stm32g4xx_it.o ABSOLUTE
    ..\Core\Src\system_stm32g4xx.c           0x00000000   Number         0  system_stm32g4xx.o ABSOLUTE
    ..\Core\Src\usart.c                      0x00000000   Number         0  usart.o ABSOLUTE
    ..\Core\Src\utils.c                      0x00000000   Number         0  utils.o ABSOLUTE
    ..\Drivers\STM32G4xx_HAL_Driver\Src\stm32g4xx_hal.c 0x00000000   Number         0  stm32g4xx_hal.o ABSOLUTE
    ..\Drivers\STM32G4xx_HAL_Driver\Src\stm32g4xx_hal_cortex.c 0x00000000   Number         0  stm32g4xx_hal_cortex.o ABSOLUTE
    ..\Drivers\STM32G4xx_HAL_Driver\Src\stm32g4xx_hal_dma.c 0x00000000   Number         0  stm32g4xx_hal_dma.o ABSOLUTE
    ..\Drivers\STM32G4xx_HAL_Driver\Src\stm32g4xx_hal_dma_ex.c 0x00000000   Number         0  stm32g4xx_hal_dma_ex.o ABSOLUTE
    ..\Drivers\STM32G4xx_HAL_Driver\Src\stm32g4xx_hal_exti.c 0x00000000   Number         0  stm32g4xx_hal_exti.o ABSOLUTE
    ..\Drivers\STM32G4xx_HAL_Driver\Src\stm32g4xx_hal_flash.c 0x00000000   Number         0  stm32g4xx_hal_flash.o ABSOLUTE
    ..\Drivers\STM32G4xx_HAL_Driver\Src\stm32g4xx_hal_flash_ex.c 0x00000000   Number         0  stm32g4xx_hal_flash_ex.o ABSOLUTE
    ..\Drivers\STM32G4xx_HAL_Driver\Src\stm32g4xx_hal_flash_ramfunc.c 0x00000000   Number         0  stm32g4xx_hal_flash_ramfunc.o ABSOLUTE
    ..\Drivers\STM32G4xx_HAL_Driver\Src\stm32g4xx_hal_gpio.c 0x00000000   Number         0  stm32g4xx_hal_gpio.o ABSOLUTE
    ..\Drivers\STM32G4xx_HAL_Driver\Src\stm32g4xx_hal_pwr.c 0x00000000   Number         0  stm32g4xx_hal_pwr.o ABSOLUTE
    ..\Drivers\STM32G4xx_HAL_Driver\Src\stm32g4xx_hal_pwr_ex.c 0x00000000   Number         0  stm32g4xx_hal_pwr_ex.o ABSOLUTE
    ..\Drivers\STM32G4xx_HAL_Driver\Src\stm32g4xx_hal_rcc.c 0x00000000   Number         0  stm32g4xx_hal_rcc.o ABSOLUTE
    ..\Drivers\STM32G4xx_HAL_Driver\Src\stm32g4xx_hal_rcc_ex.c 0x00000000   Number         0  stm32g4xx_hal_rcc_ex.o ABSOLUTE
    ..\Drivers\STM32G4xx_HAL_Driver\Src\stm32g4xx_hal_tim.c 0x00000000   Number         0  stm32g4xx_hal_tim.o ABSOLUTE
    ..\Drivers\STM32G4xx_HAL_Driver\Src\stm32g4xx_hal_tim_ex.c 0x00000000   Number         0  stm32g4xx_hal_tim_ex.o ABSOLUTE
    ..\Drivers\STM32G4xx_HAL_Driver\Src\stm32g4xx_ll_dma.c 0x00000000   Number         0  stm32g4xx_ll_dma.o ABSOLUTE
    ..\Drivers\STM32G4xx_HAL_Driver\Src\stm32g4xx_ll_exti.c 0x00000000   Number         0  stm32g4xx_ll_exti.o ABSOLUTE
    ..\Drivers\STM32G4xx_HAL_Driver\Src\stm32g4xx_ll_gpio.c 0x00000000   Number         0  stm32g4xx_ll_gpio.o ABSOLUTE
    ..\Drivers\STM32G4xx_HAL_Driver\Src\stm32g4xx_ll_lpuart.c 0x00000000   Number         0  stm32g4xx_ll_lpuart.o ABSOLUTE
    ..\Drivers\STM32G4xx_HAL_Driver\Src\stm32g4xx_ll_rcc.c 0x00000000   Number         0  stm32g4xx_ll_rcc.o ABSOLUTE
    ..\Drivers\STM32G4xx_HAL_Driver\Src\stm32g4xx_ll_usart.c 0x00000000   Number         0  stm32g4xx_ll_usart.o ABSOLUTE
    ..\Drivers\STM32G4xx_HAL_Driver\Src\stm32g4xx_ll_utils.c 0x00000000   Number         0  stm32g4xx_ll_utils.o ABSOLUTE
    ..\Middlewares\Third_Party\FreeRTOS\Source\CMSIS_RTOS_V2\cmsis_os2.c 0x00000000   Number         0  cmsis_os2.o ABSOLUTE
    ..\Middlewares\Third_Party\FreeRTOS\Source\portable\RVDS\ARM_CM4F\port.c 0x00000000   Number         0  port.o ABSOLUTE
    ..\\Core\\Src\\at_read_file_state.c      0x00000000   Number         0  at_read_file_state.o ABSOLUTE
    ..\\Core\\Src\\at_statemachine.c         0x00000000   Number         0  at_statemachine.o ABSOLUTE
    ..\\Core\\Src\\utils.c                   0x00000000   Number         0  utils.o ABSOLUTE
    cdrcmple.s                               0x00000000   Number         0  cdrcmple.o ABSOLUTE
    dc.s                                     0x00000000   Number         0  dc.o ABSOLUTE
    handlers.s                               0x00000000   Number         0  handlers.o ABSOLUTE
    init.s                                   0x00000000   Number         0  init.o ABSOLUTE
    startup_stm32g431xx.s                    0x00000000   Number         0  startup_stm32g431xx.o ABSOLUTE
    RESET                                    0x08000000   Section      472  startup_stm32g431xx.o(RESET)
    .ARM.Collect$$$$00000000                 0x080001d8   Section        0  entry.o(.ARM.Collect$$$$00000000)
    .ARM.Collect$$$$00000001                 0x080001d8   Section        4  entry2.o(.ARM.Collect$$$$00000001)
    .ARM.Collect$$$$00000004                 0x080001dc   Section        4  entry5.o(.ARM.Collect$$$$00000004)
    .ARM.Collect$$$$00000008                 0x080001e0   Section        0  entry7b.o(.ARM.Collect$$$$00000008)
    .ARM.Collect$$$$0000000A                 0x080001e0   Section        0  entry8b.o(.ARM.Collect$$$$0000000A)
    .ARM.Collect$$$$0000000B                 0x080001e0   Section        8  entry9a.o(.ARM.Collect$$$$0000000B)
    .ARM.Collect$$$$0000000D                 0x080001e8   Section        0  entry10a.o(.ARM.Collect$$$$0000000D)
    .ARM.Collect$$$$0000000F                 0x080001e8   Section        0  entry11a.o(.ARM.Collect$$$$0000000F)
    .ARM.Collect$$$$00002712                 0x080001e8   Section        4  entry2.o(.ARM.Collect$$$$00002712)
    __lit__00000000                          0x080001e8   Data           4  entry2.o(.ARM.Collect$$$$00002712)
    .emb_text                                0x080001ec   Section      190  port.o(.emb_text)
    $v0                                      0x080001ec   Number         0  port.o(.emb_text)
    .text                                    0x080002ac   Section       36  startup_stm32g431xx.o(.text)
    $v0                                      0x080002ac   Number         0  startup_stm32g431xx.o(.text)
    .text                                    0x080002d0   Section        0  uldiv.o(.text)
    .text                                    0x08000332   Section        0  memcpya.o(.text)
    .text                                    0x08000356   Section        0  memseta.o(.text)
    .text                                    0x0800037a   Section        0  strstr.o(.text)
    .text                                    0x0800039e   Section        0  strncpy.o(.text)
    .text                                    0x080003b6   Section        0  strchr.o(.text)
    .text                                    0x080003ca   Section        0  strlen.o(.text)
    .text                                    0x080003d8   Section        0  llshl.o(.text)
    .text                                    0x080003f6   Section        0  llushr.o(.text)
    .text                                    0x08000418   Section       36  init.o(.text)
    i.BusFault_Handler                       0x0800043c   Section        0  stm32g4xx_it.o(i.BusFault_Handler)
    i.DMA1_Channel1_IRQHandler               0x0800043e   Section        0  stm32g4xx_it.o(i.DMA1_Channel1_IRQHandler)
    i.DebugMon_Handler                       0x08000440   Section        0  stm32g4xx_it.o(i.DebugMon_Handler)
    i.HAL_Delay                              0x08000444   Section        0  stm32g4xx_hal.o(i.HAL_Delay)
    i.HAL_GPIO_Init                          0x08000468   Section        0  stm32g4xx_hal_gpio.o(i.HAL_GPIO_Init)
    i.HAL_GPIO_WritePin                      0x08000630   Section        0  stm32g4xx_hal_gpio.o(i.HAL_GPIO_WritePin)
    i.HAL_GetTick                            0x0800063c   Section        0  stm32g4xx_hal.o(i.HAL_GetTick)
    i.HAL_IncTick                            0x08000648   Section        0  stm32g4xx_hal.o(i.HAL_IncTick)
    i.HAL_Init                               0x08000658   Section        0  stm32g4xx_hal.o(i.HAL_Init)
    i.HAL_InitTick                           0x08000678   Section        0  stm32g4xx_hal.o(i.HAL_InitTick)
    i.HAL_MspInit                            0x080006bc   Section        0  stm32g4xx_hal_msp.o(i.HAL_MspInit)
    i.HAL_NVIC_SetPriority                   0x080006ec   Section        0  stm32g4xx_hal_cortex.o(i.HAL_NVIC_SetPriority)
    i.HAL_NVIC_SetPriorityGrouping           0x0800072c   Section        0  stm32g4xx_hal_cortex.o(i.HAL_NVIC_SetPriorityGrouping)
    i.HAL_PWREx_ControlVoltageScaling        0x08000750   Section        0  stm32g4xx_hal_pwr_ex.o(i.HAL_PWREx_ControlVoltageScaling)
    i.HAL_PWREx_DisableUCPDDeadBattery       0x0800080c   Section        0  stm32g4xx_hal_pwr_ex.o(i.HAL_PWREx_DisableUCPDDeadBattery)
    i.HAL_RCCEx_PeriphCLKConfig              0x0800081c   Section        0  stm32g4xx_hal_rcc_ex.o(i.HAL_RCCEx_PeriphCLKConfig)
    i.HAL_RCC_ClockConfig                    0x08000aa4   Section        0  stm32g4xx_hal_rcc.o(i.HAL_RCC_ClockConfig)
    i.HAL_RCC_GetSysClockFreq                0x08000c80   Section        0  stm32g4xx_hal_rcc.o(i.HAL_RCC_GetSysClockFreq)
    i.HAL_RCC_OscConfig                      0x08000cf0   Section        0  stm32g4xx_hal_rcc.o(i.HAL_RCC_OscConfig)
    i.HAL_SYSTICK_Config                     0x080010fc   Section        0  stm32g4xx_hal_cortex.o(i.HAL_SYSTICK_Config)
    i.HardFault_Handler                      0x08001124   Section        0  stm32g4xx_it.o(i.HardFault_Handler)
    i.LL_AHB2_GRP1_EnableClock               0x08001128   Section        0  usart.o(i.LL_AHB2_GRP1_EnableClock)
    LL_AHB2_GRP1_EnableClock                 0x08001129   Thumb Code    18  usart.o(i.LL_AHB2_GRP1_EnableClock)
    i.LL_GPIO_Init                           0x08001140   Section        0  stm32g4xx_ll_gpio.o(i.LL_GPIO_Init)
    i.LL_LPUART_Init                         0x08001278   Section        0  stm32g4xx_ll_lpuart.o(i.LL_LPUART_Init)
    i.LL_RCC_GetLPUARTClockFreq              0x08001318   Section        0  stm32g4xx_ll_rcc.o(i.LL_RCC_GetLPUARTClockFreq)
    i.LL_RCC_GetUARTClockFreq                0x0800136c   Section        0  stm32g4xx_ll_rcc.o(i.LL_RCC_GetUARTClockFreq)
    i.LL_RCC_GetUSARTClockFreq               0x080013c8   Section        0  stm32g4xx_ll_rcc.o(i.LL_RCC_GetUSARTClockFreq)
    i.LL_RCC_HSI_IsReady                     0x0800147c   Section        0  stm32g4xx_ll_rcc.o(i.LL_RCC_HSI_IsReady)
    LL_RCC_HSI_IsReady                       0x0800147d   Thumb Code    10  stm32g4xx_ll_rcc.o(i.LL_RCC_HSI_IsReady)
    i.LL_RCC_LSE_IsReady                     0x0800148c   Section        0  stm32g4xx_ll_rcc.o(i.LL_RCC_LSE_IsReady)
    LL_RCC_LSE_IsReady                       0x0800148d   Thumb Code    12  stm32g4xx_ll_rcc.o(i.LL_RCC_LSE_IsReady)
    i.LL_USART_Init                          0x0800149c   Section        0  stm32g4xx_ll_usart.o(i.LL_USART_Init)
    i.MX_DMA_Init                            0x08001584   Section        0  dma.o(i.MX_DMA_Init)
    i.MX_FREERTOS_Init                       0x080015e4   Section        0  app_freertos.o(i.MX_FREERTOS_Init)
    i.MX_GPIO_Init                           0x08001604   Section        0  gpio.o(i.MX_GPIO_Init)
    i.MX_LPUART1_UART_Init                   0x0800169c   Section        0  usart.o(i.MX_LPUART1_UART_Init)
    i.MX_USART3_UART_Init                    0x0800175c   Section        0  usart.o(i.MX_USART3_UART_Init)
    i.MemManage_Handler                      0x080018d8   Section        0  stm32g4xx_it.o(i.MemManage_Handler)
    i.NMI_Handler                            0x080018da   Section        0  stm32g4xx_it.o(i.NMI_Handler)
    i.RCC_GetHCLKClockFreq                   0x080018dc   Section        0  stm32g4xx_ll_rcc.o(i.RCC_GetHCLKClockFreq)
    i.RCC_GetPCLK1ClockFreq                  0x080018fc   Section        0  stm32g4xx_ll_rcc.o(i.RCC_GetPCLK1ClockFreq)
    i.RCC_GetPCLK2ClockFreq                  0x0800191c   Section        0  stm32g4xx_ll_rcc.o(i.RCC_GetPCLK2ClockFreq)
    i.RCC_GetSystemClockFreq                 0x0800193c   Section        0  stm32g4xx_ll_rcc.o(i.RCC_GetSystemClockFreq)
    i.RCC_PLL_GetFreqDomain_SYS              0x08001968   Section        0  stm32g4xx_ll_rcc.o(i.RCC_PLL_GetFreqDomain_SYS)
    i.SysTick_Handler                        0x080019b4   Section        0  stm32g4xx_it.o(i.SysTick_Handler)
    i.SystemClock_Config                     0x080019cc   Section        0  main.o(i.SystemClock_Config)
    i.SystemInit                             0x08001a3c   Section        0  system_stm32g4xx.o(i.SystemInit)
    i.USART3_IRQHandler                      0x08001a58   Section        0  stm32g4xx_it.o(i.USART3_IRQHandler)
    i.UsageFault_Handler                     0x08001a5e   Section        0  stm32g4xx_it.o(i.UsageFault_Handler)
    i.__0printf$4                            0x08001a60   Section        0  printf4.o(i.__0printf$4)
    i.__0sprintf$4                           0x08001a80   Section        0  printf4.o(i.__0sprintf$4)
    i.__NVIC_SetPriority                     0x08001aa8   Section        0  stm32g4xx_hal_cortex.o(i.__NVIC_SetPriority)
    __NVIC_SetPriority                       0x08001aa9   Thumb Code    32  stm32g4xx_hal_cortex.o(i.__NVIC_SetPriority)
    i.__scatterload_copy                     0x08001ac8   Section       14  handlers.o(i.__scatterload_copy)
    i.__scatterload_null                     0x08001ad6   Section        2  handlers.o(i.__scatterload_null)
    i.__scatterload_zeroinit                 0x08001ad8   Section       14  handlers.o(i.__scatterload_zeroinit)
    i._printf_core                           0x08001ae8   Section        0  printf4.o(i._printf_core)
    _printf_core                             0x08001ae9   Thumb Code   552  printf4.o(i._printf_core)
    i._sputc                                 0x08001d14   Section        0  printf4.o(i._sputc)
    _sputc                                   0x08001d15   Thumb Code    10  printf4.o(i._sputc)
    i.at_close_file_action1                  0x08001d20   Section        0  at_read_file_state.o(i.at_close_file_action1)
    i.at_close_file_action2                  0x08001d64   Section        0  at_read_file_state.o(i.at_close_file_action2)
    i.at_download_file_task                  0x08001d7c   Section        0  app_freertos.o(i.at_download_file_task)
    i.at_list_file_action1                   0x08001e70   Section        0  at_read_file_state.o(i.at_list_file_action1)
    i.at_list_file_action2                   0x08001eb8   Section        0  at_read_file_state.o(i.at_list_file_action2)
    i.at_open_file_action1                   0x08001ed0   Section        0  at_read_file_state.o(i.at_open_file_action1)
    i.at_open_file_action2                   0x08001f24   Section        0  at_read_file_state.o(i.at_open_file_action2)
    i.at_read_file_action1                   0x08001f50   Section        0  at_read_file_state.o(i.at_read_file_action1)
    i.at_read_file_action2                   0x08001f98   Section        0  at_read_file_state.o(i.at_read_file_action2)
    i.fputc                                  0x08002004   Section        0  usart.o(i.fputc)
    i.get_current_buffer_length              0x0800201c   Section        0  usart.o(i.get_current_buffer_length)
    i.get_current_state_index                0x08002028   Section        0  at_statemachine.o(i.get_current_state_index)
    i.get_file_handle_from_buffer            0x08002030   Section        0  utils.o(i.get_file_handle_from_buffer)
    i.get_file_handle_string                 0x080020dc   Section        0  utils.o(i.get_file_handle_string)
    i.init_statemachine                      0x080020e4   Section        0  at_statemachine.o(i.init_statemachine)
    i.isCorrectCommand                       0x0800210c   Section        0  utils.o(i.isCorrectCommand)
    i.isCorrectCommandFirst                  0x0800211c   Section        0  utils.o(i.isCorrectCommandFirst)
    i.isCorrectCommandFromLast               0x08002140   Section        0  utils.o(i.isCorrectCommandFromLast)
    i.jump_to_app                            0x08002168   Section        0  utils.o(i.jump_to_app)
    i.jump_to_next_at_statemachine           0x080021cc   Section        0  at_statemachine.o(i.jump_to_next_at_statemachine)
    i.main                                   0x080021fc   Section        0  main.o(i.main)
    i.osKernelInitialize                     0x08002224   Section        0  cmsis_os2.o(i.osKernelInitialize)
    i.osKernelStart                          0x08002258   Section        0  cmsis_os2.o(i.osKernelStart)
    i.osThreadFlagsWait                      0x08002294   Section        0  cmsis_os2.o(i.osThreadFlagsWait)
    i.osThreadNew                            0x08002344   Section        0  cmsis_os2.o(i.osThreadNew)
    i.prvAddCurrentTaskToDelayedList         0x080023e8   Section        0  tasks.o(i.prvAddCurrentTaskToDelayedList)
    prvAddCurrentTaskToDelayedList           0x080023e9   Thumb Code    84  tasks.o(i.prvAddCurrentTaskToDelayedList)
    i.prvAddNewTaskToReadyList               0x08002444   Section        0  tasks.o(i.prvAddNewTaskToReadyList)
    prvAddNewTaskToReadyList                 0x08002445   Thumb Code   190  tasks.o(i.prvAddNewTaskToReadyList)
    i.prvCheckForValidListAndQueue           0x08002514   Section        0  timers.o(i.prvCheckForValidListAndQueue)
    prvCheckForValidListAndQueue             0x08002515   Thumb Code    72  timers.o(i.prvCheckForValidListAndQueue)
    i.prvCopyDataFromQueue                   0x0800256c   Section        0  queue.o(i.prvCopyDataFromQueue)
    prvCopyDataFromQueue                     0x0800256d   Thumb Code    38  queue.o(i.prvCopyDataFromQueue)
    i.prvCopyDataToQueue                     0x08002592   Section        0  queue.o(i.prvCopyDataToQueue)
    prvCopyDataToQueue                       0x08002593   Thumb Code   108  queue.o(i.prvCopyDataToQueue)
    i.prvDeleteTCB                           0x080025fe   Section        0  tasks.o(i.prvDeleteTCB)
    prvDeleteTCB                             0x080025ff   Thumb Code    52  tasks.o(i.prvDeleteTCB)
    i.prvHeapInit                            0x08002634   Section        0  heap_4.o(i.prvHeapInit)
    prvHeapInit                              0x08002635   Thumb Code    66  heap_4.o(i.prvHeapInit)
    i.prvIdleTask                            0x08002680   Section        0  tasks.o(i.prvIdleTask)
    prvIdleTask                              0x08002681   Thumb Code    82  tasks.o(i.prvIdleTask)
    i.prvInitialiseNewQueue                  0x080026e0   Section        0  queue.o(i.prvInitialiseNewQueue)
    prvInitialiseNewQueue                    0x080026e1   Thumb Code    34  queue.o(i.prvInitialiseNewQueue)
    i.prvInitialiseNewTask                   0x08002704   Section        0  tasks.o(i.prvInitialiseNewTask)
    prvInitialiseNewTask                     0x08002705   Thumb Code   176  tasks.o(i.prvInitialiseNewTask)
    i.prvInsertBlockIntoFreeList             0x080027b4   Section        0  heap_4.o(i.prvInsertBlockIntoFreeList)
    prvInsertBlockIntoFreeList               0x080027b5   Thumb Code    72  heap_4.o(i.prvInsertBlockIntoFreeList)
    i.prvInsertTimerInActiveList             0x08002800   Section        0  timers.o(i.prvInsertTimerInActiveList)
    prvInsertTimerInActiveList               0x08002801   Thumb Code    52  timers.o(i.prvInsertTimerInActiveList)
    i.prvIsQueueEmpty                        0x08002838   Section        0  queue.o(i.prvIsQueueEmpty)
    prvIsQueueEmpty                          0x08002839   Thumb Code    28  queue.o(i.prvIsQueueEmpty)
    i.prvProcessReceivedCommands             0x08002854   Section        0  timers.o(i.prvProcessReceivedCommands)
    prvProcessReceivedCommands               0x08002855   Thumb Code   248  timers.o(i.prvProcessReceivedCommands)
    i.prvProcessTimerOrBlockTask             0x08002950   Section        0  timers.o(i.prvProcessTimerOrBlockTask)
    prvProcessTimerOrBlockTask               0x08002951   Thumb Code   182  timers.o(i.prvProcessTimerOrBlockTask)
    i.prvResetNextTaskUnblockTime            0x08002a10   Section        0  tasks.o(i.prvResetNextTaskUnblockTime)
    prvResetNextTaskUnblockTime              0x08002a11   Thumb Code    26  tasks.o(i.prvResetNextTaskUnblockTime)
    i.prvSampleTimeNow                       0x08002a30   Section        0  timers.o(i.prvSampleTimeNow)
    prvSampleTimeNow                         0x08002a31   Thumb Code    36  timers.o(i.prvSampleTimeNow)
    i.prvSwitchTimerLists                    0x08002a58   Section        0  timers.o(i.prvSwitchTimerLists)
    prvSwitchTimerLists                      0x08002a59   Thumb Code   104  timers.o(i.prvSwitchTimerLists)
    i.prvTaskCheckFreeStackSpace             0x08002ac4   Section        0  tasks.o(i.prvTaskCheckFreeStackSpace)
    prvTaskCheckFreeStackSpace               0x08002ac5   Thumb Code    20  tasks.o(i.prvTaskCheckFreeStackSpace)
    i.prvTaskExitError                       0x08002ad8   Section        0  port.o(i.prvTaskExitError)
    prvTaskExitError                         0x08002ad9   Thumb Code    36  port.o(i.prvTaskExitError)
    i.prvTimerTask                           0x08002b00   Section        0  timers.o(i.prvTimerTask)
    prvTimerTask                             0x08002b01   Thumb Code    32  timers.o(i.prvTimerTask)
    i.prvUnlockQueue                         0x08002b24   Section        0  queue.o(i.prvUnlockQueue)
    prvUnlockQueue                           0x08002b25   Thumb Code   106  queue.o(i.prvUnlockQueue)
    i.pvPortMalloc                           0x08002b90   Section        0  heap_4.o(i.pvPortMalloc)
    i.pxPortInitialiseStack                  0x08002c68   Section        0  port.o(i.pxPortInitialiseStack)
    i.send_at_command                        0x08002c94   Section        0  usart.o(i.send_at_command)
    i.should_update                          0x08002cb4   Section        0  utils.o(i.should_update)
    i.uxListRemove                           0x08002cf8   Section        0  list.o(i.uxListRemove)
    i.uxTaskGetNumberOfTasks                 0x08002d20   Section        0  tasks.o(i.uxTaskGetNumberOfTasks)
    i.uxTaskGetStackHighWaterMark            0x08002d2c   Section        0  tasks.o(i.uxTaskGetStackHighWaterMark)
    i.vApplicationGetIdleTaskMemory          0x08002d3c   Section        0  cmsis_os2.o(i.vApplicationGetIdleTaskMemory)
    i.vApplicationGetTimerTaskMemory         0x08002d50   Section        0  cmsis_os2.o(i.vApplicationGetTimerTaskMemory)
    i.vListInitialise                        0x08002d68   Section        0  list.o(i.vListInitialise)
    i.vListInitialiseItem                    0x08002d7e   Section        0  list.o(i.vListInitialiseItem)
    i.vListInsert                            0x08002d84   Section        0  list.o(i.vListInsert)
    i.vListInsertEnd                         0x08002db4   Section        0  list.o(i.vListInsertEnd)
    i.vPortEnterCritical                     0x08002dcc   Section        0  port.o(i.vPortEnterCritical)
    i.vPortExitCritical                      0x08002e0c   Section        0  port.o(i.vPortExitCritical)
    i.vPortFree                              0x08002e34   Section        0  heap_4.o(i.vPortFree)
    i.vPortSetupTimerInterrupt               0x08002e90   Section        0  port.o(i.vPortSetupTimerInterrupt)
    i.vPortValidateInterruptPriority         0x08002eb4   Section        0  port.o(i.vPortValidateInterruptPriority)
    i.vQueueAddToRegistry                    0x08002f08   Section        0  queue.o(i.vQueueAddToRegistry)
    i.vQueueWaitForMessageRestricted         0x08002f30   Section        0  queue.o(i.vQueueWaitForMessageRestricted)
    i.vTaskInternalSetTimeOutState           0x08002f74   Section        0  tasks.o(i.vTaskInternalSetTimeOutState)
    i.vTaskMissedYield                       0x08002f84   Section        0  tasks.o(i.vTaskMissedYield)
    i.vTaskPlaceOnEventList                  0x08002f90   Section        0  tasks.o(i.vTaskPlaceOnEventList)
    i.vTaskPlaceOnEventListRestricted        0x08002fc0   Section        0  tasks.o(i.vTaskPlaceOnEventListRestricted)
    i.vTaskStartScheduler                    0x08002ff8   Section        0  tasks.o(i.vTaskStartScheduler)
    i.vTaskSuspendAll                        0x08003080   Section        0  tasks.o(i.vTaskSuspendAll)
    i.vTaskSwitchContext                     0x08003090   Section        0  tasks.o(i.vTaskSwitchContext)
    i.xPortStartScheduler                    0x080030f4   Section        0  port.o(i.xPortStartScheduler)
    i.xPortSysTickHandler                    0x080031e8   Section        0  port.o(i.xPortSysTickHandler)
    i.xQueueGenericCreateStatic              0x08003214   Section        0  queue.o(i.xQueueGenericCreateStatic)
    i.xQueueGenericReset                     0x0800327c   Section        0  queue.o(i.xQueueGenericReset)
    i.xQueueGenericSend                      0x08003304   Section        0  queue.o(i.xQueueGenericSend)
    i.xQueueGenericSendFromISR               0x08003464   Section        0  queue.o(i.xQueueGenericSendFromISR)
    i.xQueueReceive                          0x08003520   Section        0  queue.o(i.xQueueReceive)
    i.xTaskCheckForTimeOut                   0x08003658   Section        0  tasks.o(i.xTaskCheckForTimeOut)
    i.xTaskCreate                            0x080036cc   Section        0  tasks.o(i.xTaskCreate)
    i.xTaskCreateStatic                      0x08003726   Section        0  tasks.o(i.xTaskCreateStatic)
    i.xTaskGetSchedulerState                 0x0800377c   Section        0  tasks.o(i.xTaskGetSchedulerState)
    i.xTaskGetTickCount                      0x08003798   Section        0  tasks.o(i.xTaskGetTickCount)
    i.xTaskIncrementTick                     0x080037a4   Section        0  tasks.o(i.xTaskIncrementTick)
    i.xTaskNotifyWait                        0x0800386c   Section        0  tasks.o(i.xTaskNotifyWait)
    i.xTaskPriorityDisinherit                0x080038f8   Section        0  tasks.o(i.xTaskPriorityDisinherit)
    i.xTaskRemoveFromEventList               0x08003978   Section        0  tasks.o(i.xTaskRemoveFromEventList)
    i.xTaskResumeAll                         0x080039e8   Section        0  tasks.o(i.xTaskResumeAll)
    i.xTimerCreateTimerTask                  0x08003aac   Section        0  timers.o(i.xTimerCreateTimerTask)
    i.xTimerGenericCommand                   0x08003b0c   Section        0  timers.o(i.xTimerGenericCommand)
    .constdata                               0x08003b74   Section       96  at_statemachine.o(.constdata)
    file_at_state_list                       0x08003b74   Data          96  at_statemachine.o(.constdata)
    .constdata                               0x08003bd4   Section       36  app_freertos.o(.constdata)
    .constdata                               0x08003bf8   Section        6  usart.o(.constdata)
    CHANNEL_OFFSET_TAB                       0x08003bf8   Data           6  usart.o(.constdata)
    .constdata                               0x08003bfe   Section       24  stm32g4xx_ll_lpuart.o(.constdata)
    LPUART_PRESCALER_TAB                     0x08003bfe   Data          24  stm32g4xx_ll_lpuart.o(.constdata)
    .constdata                               0x08003c18   Section       48  stm32g4xx_ll_usart.o(.constdata)
    USART_PRESCALER_TAB                      0x08003c18   Data          48  stm32g4xx_ll_usart.o(.constdata)
    .constdata                               0x08003c48   Section       16  system_stm32g4xx.o(.constdata)
    .constdata                               0x08003c58   Section        8  system_stm32g4xx.o(.constdata)
    .conststring                             0x08003c60   Section       16  app_freertos.o(.conststring)
    .data                                    0x20000000   Section        4  utils.o(.data)
    file_handle                              0x20000000   Data           4  utils.o(.data)
    .data                                    0x20000004   Section        8  at_statemachine.o(.data)
    current_state_index                      0x20000004   Data           4  at_statemachine.o(.data)
    current_at_state_list                    0x20000008   Data           4  at_statemachine.o(.data)
    .data                                    0x2000000c   Section        1  at_read_file_state.o(.data)
    last_frame_flag                          0x2000000c   Data           1  at_read_file_state.o(.data)
    .data                                    0x20000010   Section        4  app_freertos.o(.data)
    .data                                    0x20000014   Section        4  usart.o(.data)
    rx_data_length                           0x20000014   Data           4  usart.o(.data)
    .data                                    0x20000018   Section       12  stm32g4xx_hal.o(.data)
    .data                                    0x20000024   Section        4  system_stm32g4xx.o(.data)
    .data                                    0x20000028   Section       60  tasks.o(.data)
    pxDelayedTaskList                        0x2000002c   Data           4  tasks.o(.data)
    pxOverflowDelayedTaskList                0x20000030   Data           4  tasks.o(.data)
    uxDeletedTasksWaitingCleanUp             0x20000034   Data           4  tasks.o(.data)
    uxCurrentNumberOfTasks                   0x20000038   Data           4  tasks.o(.data)
    xTickCount                               0x2000003c   Data           4  tasks.o(.data)
    uxTopReadyPriority                       0x20000040   Data           4  tasks.o(.data)
    xSchedulerRunning                        0x20000044   Data           4  tasks.o(.data)
    uxPendedTicks                            0x20000048   Data           4  tasks.o(.data)
    xYieldPending                            0x2000004c   Data           4  tasks.o(.data)
    xNumOfOverflows                          0x20000050   Data           4  tasks.o(.data)
    uxTaskNumber                             0x20000054   Data           4  tasks.o(.data)
    xNextTaskUnblockTime                     0x20000058   Data           4  tasks.o(.data)
    xIdleTaskHandle                          0x2000005c   Data           4  tasks.o(.data)
    uxSchedulerSuspended                     0x20000060   Data           4  tasks.o(.data)
    .data                                    0x20000064   Section       20  timers.o(.data)
    pxCurrentTimerList                       0x20000064   Data           4  timers.o(.data)
    pxOverflowTimerList                      0x20000068   Data           4  timers.o(.data)
    xTimerQueue                              0x2000006c   Data           4  timers.o(.data)
    xTimerTaskHandle                         0x20000070   Data           4  timers.o(.data)
    xLastTime                                0x20000074   Data           4  timers.o(.data)
    .data                                    0x20000078   Section        4  cmsis_os2.o(.data)
    KernelState                              0x20000078   Data           4  cmsis_os2.o(.data)
    .data                                    0x2000007c   Section       24  heap_4.o(.data)
    pxEnd                                    0x2000007c   Data           4  heap_4.o(.data)
    xFreeBytesRemaining                      0x20000080   Data           4  heap_4.o(.data)
    xMinimumEverFreeBytesRemaining           0x20000084   Data           4  heap_4.o(.data)
    xBlockAllocatedBit                       0x20000088   Data           4  heap_4.o(.data)
    xStart                                   0x2000008c   Data           8  heap_4.o(.data)
    .data                                    0x20000094   Section       12  port.o(.data)
    ucMaxSysCallPriority                     0x20000094   Data           1  port.o(.data)
    uxCriticalNesting                        0x20000098   Data           4  port.o(.data)
    ulMaxPRIGROUPValue                       0x2000009c   Data           4  port.o(.data)
    .data                                    0x200000a0   Section        4  stdout.o(.data)
    .bss                                     0x200000a4   Section       16  at_statemachine.o(.bss)
    nbiot_fsm_state_index                    0x200000a4   Data          16  at_statemachine.o(.bss)
    .bss                                     0x200000b4   Section     1200  app_freertos.o(.bss)
    .bss                                     0x20000564   Section       64  queue.o(.bss)
    .bss                                     0x200005a4   Section     1220  tasks.o(.bss)
    pxReadyTasksLists                        0x200005a4   Data        1120  tasks.o(.bss)
    xDelayedTaskList1                        0x20000a04   Data          20  tasks.o(.bss)
    xDelayedTaskList2                        0x20000a18   Data          20  tasks.o(.bss)
    xPendingReadyList                        0x20000a2c   Data          20  tasks.o(.bss)
    xTasksWaitingTermination                 0x20000a40   Data          20  tasks.o(.bss)
    xSuspendedTaskList                       0x20000a54   Data          20  tasks.o(.bss)
    .bss                                     0x20000a68   Section      280  timers.o(.bss)
    xActiveTimerList1                        0x20000a68   Data          20  timers.o(.bss)
    xActiveTimerList2                        0x20000a7c   Data          20  timers.o(.bss)
    xStaticTimerQueue                        0x20000a90   Data          80  timers.o(.bss)
    ucStaticTimerQueueStorage                0x20000ae0   Data         160  timers.o(.bss)
    .bss                                     0x20000b80   Section     1720  cmsis_os2.o(.bss)
    Idle_TCB                                 0x20000b80   Data          92  cmsis_os2.o(.bss)
    Idle_Stack                               0x20000bdc   Data         512  cmsis_os2.o(.bss)
    Timer_TCB                                0x20000ddc   Data          92  cmsis_os2.o(.bss)
    Timer_Stack                              0x20000e38   Data        1024  cmsis_os2.o(.bss)
    .bss                                     0x20001238   Section     3072  heap_4.o(.bss)
    ucHeap                                   0x20001238   Data        3072  heap_4.o(.bss)
    STACK                                    0x20001e38   Section     1024  startup_stm32g431xx.o(STACK)

    Global Symbols

    Symbol Name                              Value     Ov Type        Size  Object(Section)

    BuildAttributes$$THM_ISAv4$E$P$D$K$B$S$7EM$VFPi3$EXTD16$VFPS$VFMA$PE$A:L22UL41UL21$X:L11$S22US41US21$IEEE1$IW$USESV6$~STKCKD$USESV7$~SHL$OSPACE$ROPI$EBA8$MICROLIB$REQ8$PRES8$EABIv2 0x00000000   Number         0  anon$$obj.o ABSOLUTE
    __ARM_use_no_argv                        0x00000000   Number         0  main.o ABSOLUTE
    _printf_a                                0x00000000   Number         0  stubs.o ABSOLUTE
    _printf_c                                0x00000000   Number         0  stubs.o ABSOLUTE
    _printf_charcount                        0x00000000   Number         0  stubs.o ABSOLUTE
    _printf_d                                0x00000000   Number         0  stubs.o ABSOLUTE
    _printf_e                                0x00000000   Number         0  stubs.o ABSOLUTE
    _printf_f                                0x00000000   Number         0  stubs.o ABSOLUTE
    _printf_flags                            0x00000000   Number         0  stubs.o ABSOLUTE
    _printf_fp_dec                           0x00000000   Number         0  stubs.o ABSOLUTE
    _printf_fp_hex                           0x00000000   Number         0  stubs.o ABSOLUTE
    _printf_g                                0x00000000   Number         0  stubs.o ABSOLUTE
    _printf_i                                0x00000000   Number         0  stubs.o ABSOLUTE
    _printf_int_dec                          0x00000000   Number         0  stubs.o ABSOLUTE
    _printf_l                                0x00000000   Number         0  stubs.o ABSOLUTE
    _printf_lc                               0x00000000   Number         0  stubs.o ABSOLUTE
    _printf_ll                               0x00000000   Number         0  stubs.o ABSOLUTE
    _printf_lld                              0x00000000   Number         0  stubs.o ABSOLUTE
    _printf_lli                              0x00000000   Number         0  stubs.o ABSOLUTE
    _printf_llo                              0x00000000   Number         0  stubs.o ABSOLUTE
    _printf_llu                              0x00000000   Number         0  stubs.o ABSOLUTE
    _printf_llx                              0x00000000   Number         0  stubs.o ABSOLUTE
    _printf_longlong_dec                     0x00000000   Number         0  stubs.o ABSOLUTE
    _printf_longlong_hex                     0x00000000   Number         0  stubs.o ABSOLUTE
    _printf_longlong_oct                     0x00000000   Number         0  stubs.o ABSOLUTE
    _printf_ls                               0x00000000   Number         0  stubs.o ABSOLUTE
    _printf_mbtowc                           0x00000000   Number         0  stubs.o ABSOLUTE
    _printf_n                                0x00000000   Number         0  stubs.o ABSOLUTE
    _printf_o                                0x00000000   Number         0  stubs.o ABSOLUTE
    _printf_p                                0x00000000   Number         0  stubs.o ABSOLUTE
    _printf_percent                          0x00000000   Number         0  stubs.o ABSOLUTE
    _printf_pre_padding                      0x00000000   Number         0  stubs.o ABSOLUTE
    _printf_return_value                     0x00000000   Number         0  stubs.o ABSOLUTE
    _printf_s                                0x00000000   Number         0  stubs.o ABSOLUTE
    _printf_sizespec                         0x00000000   Number         0  stubs.o ABSOLUTE
    _printf_str                              0x00000000   Number         0  stubs.o ABSOLUTE
    _printf_truncate_signed                  0x00000000   Number         0  stubs.o ABSOLUTE
    _printf_truncate_unsigned                0x00000000   Number         0  stubs.o ABSOLUTE
    _printf_u                                0x00000000   Number         0  stubs.o ABSOLUTE
    _printf_wc                               0x00000000   Number         0  stubs.o ABSOLUTE
    _printf_wctomb                           0x00000000   Number         0  stubs.o ABSOLUTE
    _printf_widthprec                        0x00000000   Number         0  stubs.o ABSOLUTE
    _printf_x                                0x00000000   Number         0  stubs.o ABSOLUTE
    __cpp_initialize__aeabi_                  - Undefined Weak Reference
    __cxa_finalize                            - Undefined Weak Reference
    __decompress                              - Undefined Weak Reference
    _clock_init                               - Undefined Weak Reference
    _microlib_exit                            - Undefined Weak Reference
    __Vectors_Size                           0x000001d8   Number         0  startup_stm32g431xx.o ABSOLUTE
    __Vectors                                0x08000000   Data           4  startup_stm32g431xx.o(RESET)
    __Vectors_End                            0x080001d8   Data           0  startup_stm32g431xx.o(RESET)
    __main                                   0x080001d9   Thumb Code     0  entry.o(.ARM.Collect$$$$00000000)
    _main_stk                                0x080001d9   Thumb Code     0  entry2.o(.ARM.Collect$$$$00000001)
    _main_scatterload                        0x080001dd   Thumb Code     0  entry5.o(.ARM.Collect$$$$00000004)
    __main_after_scatterload                 0x080001e1   Thumb Code     0  entry5.o(.ARM.Collect$$$$00000004)
    _main_clock                              0x080001e1   Thumb Code     0  entry7b.o(.ARM.Collect$$$$00000008)
    _main_cpp_init                           0x080001e1   Thumb Code     0  entry8b.o(.ARM.Collect$$$$0000000A)
    _main_init                               0x080001e1   Thumb Code     0  entry9a.o(.ARM.Collect$$$$0000000B)
    __rt_final_cpp                           0x080001e9   Thumb Code     0  entry10a.o(.ARM.Collect$$$$0000000D)
    __rt_final_exit                          0x080001e9   Thumb Code     0  entry11a.o(.ARM.Collect$$$$0000000F)
    SVC_Handler                              0x080001ed   Thumb Code    28  port.o(.emb_text)
    __asm___6_port_c_39a90d8d__prvStartFirstTask 0x0800020d   Thumb Code    36  port.o(.emb_text)
    __asm___6_port_c_39a90d8d__prvEnableVFP  0x08000235   Thumb Code    16  port.o(.emb_text)
    PendSV_Handler                           0x08000249   Thumb Code    88  port.o(.emb_text)
    vPortGetIPSR                             0x080002a5   Thumb Code     6  port.o(.emb_text)
    Reset_Handler                            0x080002ad   Thumb Code     8  startup_stm32g431xx.o(.text)
    ADC1_2_IRQHandler                        0x080002c7   Thumb Code     0  startup_stm32g431xx.o(.text)
    COMP1_2_3_IRQHandler                     0x080002c7   Thumb Code     0  startup_stm32g431xx.o(.text)
    COMP4_IRQHandler                         0x080002c7   Thumb Code     0  startup_stm32g431xx.o(.text)
    CORDIC_IRQHandler                        0x080002c7   Thumb Code     0  startup_stm32g431xx.o(.text)
    CRS_IRQHandler                           0x080002c7   Thumb Code     0  startup_stm32g431xx.o(.text)
    DMA1_Channel2_IRQHandler                 0x080002c7   Thumb Code     0  startup_stm32g431xx.o(.text)
    DMA1_Channel3_IRQHandler                 0x080002c7   Thumb Code     0  startup_stm32g431xx.o(.text)
    DMA1_Channel4_IRQHandler                 0x080002c7   Thumb Code     0  startup_stm32g431xx.o(.text)
    DMA1_Channel5_IRQHandler                 0x080002c7   Thumb Code     0  startup_stm32g431xx.o(.text)
    DMA1_Channel6_IRQHandler                 0x080002c7   Thumb Code     0  startup_stm32g431xx.o(.text)
    DMA2_Channel1_IRQHandler                 0x080002c7   Thumb Code     0  startup_stm32g431xx.o(.text)
    DMA2_Channel2_IRQHandler                 0x080002c7   Thumb Code     0  startup_stm32g431xx.o(.text)
    DMA2_Channel3_IRQHandler                 0x080002c7   Thumb Code     0  startup_stm32g431xx.o(.text)
    DMA2_Channel4_IRQHandler                 0x080002c7   Thumb Code     0  startup_stm32g431xx.o(.text)
    DMA2_Channel5_IRQHandler                 0x080002c7   Thumb Code     0  startup_stm32g431xx.o(.text)
    DMA2_Channel6_IRQHandler                 0x080002c7   Thumb Code     0  startup_stm32g431xx.o(.text)
    DMAMUX_OVR_IRQHandler                    0x080002c7   Thumb Code     0  startup_stm32g431xx.o(.text)
    EXTI0_IRQHandler                         0x080002c7   Thumb Code     0  startup_stm32g431xx.o(.text)
    EXTI15_10_IRQHandler                     0x080002c7   Thumb Code     0  startup_stm32g431xx.o(.text)
    EXTI1_IRQHandler                         0x080002c7   Thumb Code     0  startup_stm32g431xx.o(.text)
    EXTI2_IRQHandler                         0x080002c7   Thumb Code     0  startup_stm32g431xx.o(.text)
    EXTI3_IRQHandler                         0x080002c7   Thumb Code     0  startup_stm32g431xx.o(.text)
    EXTI4_IRQHandler                         0x080002c7   Thumb Code     0  startup_stm32g431xx.o(.text)
    EXTI9_5_IRQHandler                       0x080002c7   Thumb Code     0  startup_stm32g431xx.o(.text)
    FDCAN1_IT0_IRQHandler                    0x080002c7   Thumb Code     0  startup_stm32g431xx.o(.text)
    FDCAN1_IT1_IRQHandler                    0x080002c7   Thumb Code     0  startup_stm32g431xx.o(.text)
    FLASH_IRQHandler                         0x080002c7   Thumb Code     0  startup_stm32g431xx.o(.text)
    FMAC_IRQHandler                          0x080002c7   Thumb Code     0  startup_stm32g431xx.o(.text)
    FPU_IRQHandler                           0x080002c7   Thumb Code     0  startup_stm32g431xx.o(.text)
    I2C1_ER_IRQHandler                       0x080002c7   Thumb Code     0  startup_stm32g431xx.o(.text)
    I2C1_EV_IRQHandler                       0x080002c7   Thumb Code     0  startup_stm32g431xx.o(.text)
    I2C2_ER_IRQHandler                       0x080002c7   Thumb Code     0  startup_stm32g431xx.o(.text)
    I2C2_EV_IRQHandler                       0x080002c7   Thumb Code     0  startup_stm32g431xx.o(.text)
    I2C3_ER_IRQHandler                       0x080002c7   Thumb Code     0  startup_stm32g431xx.o(.text)
    I2C3_EV_IRQHandler                       0x080002c7   Thumb Code     0  startup_stm32g431xx.o(.text)
    LPTIM1_IRQHandler                        0x080002c7   Thumb Code     0  startup_stm32g431xx.o(.text)
    LPUART1_IRQHandler                       0x080002c7   Thumb Code     0  startup_stm32g431xx.o(.text)
    PVD_PVM_IRQHandler                       0x080002c7   Thumb Code     0  startup_stm32g431xx.o(.text)
    RCC_IRQHandler                           0x080002c7   Thumb Code     0  startup_stm32g431xx.o(.text)
    RNG_IRQHandler                           0x080002c7   Thumb Code     0  startup_stm32g431xx.o(.text)
    RTC_Alarm_IRQHandler                     0x080002c7   Thumb Code     0  startup_stm32g431xx.o(.text)
    RTC_TAMP_LSECSS_IRQHandler               0x080002c7   Thumb Code     0  startup_stm32g431xx.o(.text)
    RTC_WKUP_IRQHandler                      0x080002c7   Thumb Code     0  startup_stm32g431xx.o(.text)
    SAI1_IRQHandler                          0x080002c7   Thumb Code     0  startup_stm32g431xx.o(.text)
    SPI1_IRQHandler                          0x080002c7   Thumb Code     0  startup_stm32g431xx.o(.text)
    SPI2_IRQHandler                          0x080002c7   Thumb Code     0  startup_stm32g431xx.o(.text)
    SPI3_IRQHandler                          0x080002c7   Thumb Code     0  startup_stm32g431xx.o(.text)
    TIM1_BRK_TIM15_IRQHandler                0x080002c7   Thumb Code     0  startup_stm32g431xx.o(.text)
    TIM1_CC_IRQHandler                       0x080002c7   Thumb Code     0  startup_stm32g431xx.o(.text)
    TIM1_TRG_COM_TIM17_IRQHandler            0x080002c7   Thumb Code     0  startup_stm32g431xx.o(.text)
    TIM1_UP_TIM16_IRQHandler                 0x080002c7   Thumb Code     0  startup_stm32g431xx.o(.text)
    TIM2_IRQHandler                          0x080002c7   Thumb Code     0  startup_stm32g431xx.o(.text)
    TIM3_IRQHandler                          0x080002c7   Thumb Code     0  startup_stm32g431xx.o(.text)
    TIM4_IRQHandler                          0x080002c7   Thumb Code     0  startup_stm32g431xx.o(.text)
    TIM6_DAC_IRQHandler                      0x080002c7   Thumb Code     0  startup_stm32g431xx.o(.text)
    TIM7_IRQHandler                          0x080002c7   Thumb Code     0  startup_stm32g431xx.o(.text)
    TIM8_BRK_IRQHandler                      0x080002c7   Thumb Code     0  startup_stm32g431xx.o(.text)
    TIM8_CC_IRQHandler                       0x080002c7   Thumb Code     0  startup_stm32g431xx.o(.text)
    TIM8_TRG_COM_IRQHandler                  0x080002c7   Thumb Code     0  startup_stm32g431xx.o(.text)
    TIM8_UP_IRQHandler                       0x080002c7   Thumb Code     0  startup_stm32g431xx.o(.text)
    UART4_IRQHandler                         0x080002c7   Thumb Code     0  startup_stm32g431xx.o(.text)
    UCPD1_IRQHandler                         0x080002c7   Thumb Code     0  startup_stm32g431xx.o(.text)
    USART1_IRQHandler                        0x080002c7   Thumb Code     0  startup_stm32g431xx.o(.text)
    USART2_IRQHandler                        0x080002c7   Thumb Code     0  startup_stm32g431xx.o(.text)
    USBWakeUp_IRQHandler                     0x080002c7   Thumb Code     0  startup_stm32g431xx.o(.text)
    USB_HP_IRQHandler                        0x080002c7   Thumb Code     0  startup_stm32g431xx.o(.text)
    USB_LP_IRQHandler                        0x080002c7   Thumb Code     0  startup_stm32g431xx.o(.text)
    WWDG_IRQHandler                          0x080002c7   Thumb Code     0  startup_stm32g431xx.o(.text)
    __aeabi_uldivmod                         0x080002d1   Thumb Code    98  uldiv.o(.text)
    __aeabi_memcpy                           0x08000333   Thumb Code    36  memcpya.o(.text)
    __aeabi_memcpy4                          0x08000333   Thumb Code     0  memcpya.o(.text)
    __aeabi_memcpy8                          0x08000333   Thumb Code     0  memcpya.o(.text)
    __aeabi_memset                           0x08000357   Thumb Code    14  memseta.o(.text)
    __aeabi_memset4                          0x08000357   Thumb Code     0  memseta.o(.text)
    __aeabi_memset8                          0x08000357   Thumb Code     0  memseta.o(.text)
    __aeabi_memclr                           0x08000365   Thumb Code     4  memseta.o(.text)
    __aeabi_memclr4                          0x08000365   Thumb Code     0  memseta.o(.text)
    __aeabi_memclr8                          0x08000365   Thumb Code     0  memseta.o(.text)
    memset                                   0x08000369   Thumb Code    18  memseta.o(.text)
    strstr                                   0x0800037b   Thumb Code    36  strstr.o(.text)
    strncpy                                  0x0800039f   Thumb Code    24  strncpy.o(.text)
    strchr                                   0x080003b7   Thumb Code    20  strchr.o(.text)
    strlen                                   0x080003cb   Thumb Code    14  strlen.o(.text)
    __aeabi_llsl                             0x080003d9   Thumb Code    30  llshl.o(.text)
    _ll_shift_l                              0x080003d9   Thumb Code     0  llshl.o(.text)
    __aeabi_llsr                             0x080003f7   Thumb Code    32  llushr.o(.text)
    _ll_ushift_r                             0x080003f7   Thumb Code     0  llushr.o(.text)
    __scatterload                            0x08000419   Thumb Code    28  init.o(.text)
    __scatterload_rt2                        0x08000419   Thumb Code     0  init.o(.text)
    BusFault_Handler                         0x0800043d   Thumb Code     2  stm32g4xx_it.o(i.BusFault_Handler)
    DMA1_Channel1_IRQHandler                 0x0800043f   Thumb Code     2  stm32g4xx_it.o(i.DMA1_Channel1_IRQHandler)
    DebugMon_Handler                         0x08000441   Thumb Code     2  stm32g4xx_it.o(i.DebugMon_Handler)
    HAL_Delay                                0x08000445   Thumb Code    32  stm32g4xx_hal.o(i.HAL_Delay)
    HAL_GPIO_Init                            0x08000469   Thumb Code   422  stm32g4xx_hal_gpio.o(i.HAL_GPIO_Init)
    HAL_GPIO_WritePin                        0x08000631   Thumb Code    10  stm32g4xx_hal_gpio.o(i.HAL_GPIO_WritePin)
    HAL_GetTick                              0x0800063d   Thumb Code     6  stm32g4xx_hal.o(i.HAL_GetTick)
    HAL_IncTick                              0x08000649   Thumb Code    12  stm32g4xx_hal.o(i.HAL_IncTick)
    HAL_Init                                 0x08000659   Thumb Code    30  stm32g4xx_hal.o(i.HAL_Init)
    HAL_InitTick                             0x08000679   Thumb Code    58  stm32g4xx_hal.o(i.HAL_InitTick)
    HAL_MspInit                              0x080006bd   Thumb Code    42  stm32g4xx_hal_msp.o(i.HAL_MspInit)
    HAL_NVIC_SetPriority                     0x080006ed   Thumb Code    60  stm32g4xx_hal_cortex.o(i.HAL_NVIC_SetPriority)
    HAL_NVIC_SetPriorityGrouping             0x0800072d   Thumb Code    26  stm32g4xx_hal_cortex.o(i.HAL_NVIC_SetPriorityGrouping)
    HAL_PWREx_ControlVoltageScaling          0x08000751   Thumb Code   174  stm32g4xx_hal_pwr_ex.o(i.HAL_PWREx_ControlVoltageScaling)
    HAL_PWREx_DisableUCPDDeadBattery         0x0800080d   Thumb Code    12  stm32g4xx_hal_pwr_ex.o(i.HAL_PWREx_DisableUCPDDeadBattery)
    HAL_RCCEx_PeriphCLKConfig                0x0800081d   Thumb Code   638  stm32g4xx_hal_rcc_ex.o(i.HAL_RCCEx_PeriphCLKConfig)
    HAL_RCC_ClockConfig                      0x08000aa5   Thumb Code   444  stm32g4xx_hal_rcc.o(i.HAL_RCC_ClockConfig)
    HAL_RCC_GetSysClockFreq                  0x08000c81   Thumb Code    98  stm32g4xx_hal_rcc.o(i.HAL_RCC_GetSysClockFreq)
    HAL_RCC_OscConfig                        0x08000cf1   Thumb Code  1036  stm32g4xx_hal_rcc.o(i.HAL_RCC_OscConfig)
    HAL_SYSTICK_Config                       0x080010fd   Thumb Code    40  stm32g4xx_hal_cortex.o(i.HAL_SYSTICK_Config)
    HardFault_Handler                        0x08001125   Thumb Code     2  stm32g4xx_it.o(i.HardFault_Handler)
    LL_GPIO_Init                             0x08001141   Thumb Code   310  stm32g4xx_ll_gpio.o(i.LL_GPIO_Init)
    LL_LPUART_Init                           0x08001279   Thumb Code   150  stm32g4xx_ll_lpuart.o(i.LL_LPUART_Init)
    LL_RCC_GetLPUARTClockFreq                0x08001319   Thumb Code    76  stm32g4xx_ll_rcc.o(i.LL_RCC_GetLPUARTClockFreq)
    LL_RCC_GetUARTClockFreq                  0x0800136d   Thumb Code    84  stm32g4xx_ll_rcc.o(i.LL_RCC_GetUARTClockFreq)
    LL_RCC_GetUSARTClockFreq                 0x080013c9   Thumb Code   172  stm32g4xx_ll_rcc.o(i.LL_RCC_GetUSARTClockFreq)
    LL_USART_Init                            0x0800149d   Thumb Code   206  stm32g4xx_ll_usart.o(i.LL_USART_Init)
    MX_DMA_Init                              0x08001585   Thumb Code    82  dma.o(i.MX_DMA_Init)
    MX_FREERTOS_Init                         0x080015e5   Thumb Code    18  app_freertos.o(i.MX_FREERTOS_Init)
    MX_GPIO_Init                             0x08001605   Thumb Code   138  gpio.o(i.MX_GPIO_Init)
    MX_LPUART1_UART_Init                     0x0800169d   Thumb Code   182  usart.o(i.MX_LPUART1_UART_Init)
    MX_USART3_UART_Init                      0x0800175d   Thumb Code   352  usart.o(i.MX_USART3_UART_Init)
    MemManage_Handler                        0x080018d9   Thumb Code     2  stm32g4xx_it.o(i.MemManage_Handler)
    NMI_Handler                              0x080018db   Thumb Code     2  stm32g4xx_it.o(i.NMI_Handler)
    RCC_GetHCLKClockFreq                     0x080018dd   Thumb Code    22  stm32g4xx_ll_rcc.o(i.RCC_GetHCLKClockFreq)
    RCC_GetPCLK1ClockFreq                    0x080018fd   Thumb Code    24  stm32g4xx_ll_rcc.o(i.RCC_GetPCLK1ClockFreq)
    RCC_GetPCLK2ClockFreq                    0x0800191d   Thumb Code    24  stm32g4xx_ll_rcc.o(i.RCC_GetPCLK2ClockFreq)
    RCC_GetSystemClockFreq                   0x0800193d   Thumb Code    30  stm32g4xx_ll_rcc.o(i.RCC_GetSystemClockFreq)
    RCC_PLL_GetFreqDomain_SYS                0x08001969   Thumb Code    62  stm32g4xx_ll_rcc.o(i.RCC_PLL_GetFreqDomain_SYS)
    SysTick_Handler                          0x080019b5   Thumb Code    24  stm32g4xx_it.o(i.SysTick_Handler)
    SystemClock_Config                       0x080019cd   Thumb Code   112  main.o(i.SystemClock_Config)
    SystemInit                               0x08001a3d   Thumb Code    22  system_stm32g4xx.o(i.SystemInit)
    USART3_IRQHandler                        0x08001a59   Thumb Code     6  stm32g4xx_it.o(i.USART3_IRQHandler)
    UsageFault_Handler                       0x08001a5f   Thumb Code     2  stm32g4xx_it.o(i.UsageFault_Handler)
    __0printf$4                              0x08001a61   Thumb Code    22  printf4.o(i.__0printf$4)
    __1printf$4                              0x08001a61   Thumb Code     0  printf4.o(i.__0printf$4)
    __2printf                                0x08001a61   Thumb Code     0  printf4.o(i.__0printf$4)
    __0sprintf$4                             0x08001a81   Thumb Code    34  printf4.o(i.__0sprintf$4)
    __1sprintf$4                             0x08001a81   Thumb Code     0  printf4.o(i.__0sprintf$4)
    __2sprintf                               0x08001a81   Thumb Code     0  printf4.o(i.__0sprintf$4)
    __scatterload_copy                       0x08001ac9   Thumb Code    14  handlers.o(i.__scatterload_copy)
    __scatterload_null                       0x08001ad7   Thumb Code     2  handlers.o(i.__scatterload_null)
    __scatterload_zeroinit                   0x08001ad9   Thumb Code    14  handlers.o(i.__scatterload_zeroinit)
    at_close_file_action1                    0x08001d21   Thumb Code    36  at_read_file_state.o(i.at_close_file_action1)
    at_close_file_action2                    0x08001d65   Thumb Code    18  at_read_file_state.o(i.at_close_file_action2)
    at_download_file_task                    0x08001d7d   Thumb Code   182  app_freertos.o(i.at_download_file_task)
    at_list_file_action1                     0x08001e71   Thumb Code    18  at_read_file_state.o(i.at_list_file_action1)
    at_list_file_action2                     0x08001eb9   Thumb Code    18  at_read_file_state.o(i.at_list_file_action2)
    at_open_file_action1                     0x08001ed1   Thumb Code    32  at_read_file_state.o(i.at_open_file_action1)
    at_open_file_action2                     0x08001f25   Thumb Code    36  at_read_file_state.o(i.at_open_file_action2)
    at_read_file_action1                     0x08001f51   Thumb Code    36  at_read_file_state.o(i.at_read_file_action1)
    at_read_file_action2                     0x08001f99   Thumb Code    70  at_read_file_state.o(i.at_read_file_action2)
    fputc                                    0x08002005   Thumb Code    18  usart.o(i.fputc)
    get_current_buffer_length                0x0800201d   Thumb Code     6  usart.o(i.get_current_buffer_length)
    get_current_state_index                  0x08002029   Thumb Code     4  at_statemachine.o(i.get_current_state_index)
    get_file_handle_from_buffer              0x08002031   Thumb Code   108  utils.o(i.get_file_handle_from_buffer)
    get_file_handle_string                   0x080020dd   Thumb Code     4  utils.o(i.get_file_handle_string)
    init_statemachine                        0x080020e5   Thumb Code    26  at_statemachine.o(i.init_statemachine)
    isCorrectCommand                         0x0800210d   Thumb Code    16  utils.o(i.isCorrectCommand)
    isCorrectCommandFirst                    0x0800211d   Thumb Code    36  utils.o(i.isCorrectCommandFirst)
    isCorrectCommandFromLast                 0x08002141   Thumb Code    40  utils.o(i.isCorrectCommandFromLast)
    jump_to_app                              0x08002169   Thumb Code    64  utils.o(i.jump_to_app)
    jump_to_next_at_statemachine             0x080021cd   Thumb Code    38  at_statemachine.o(i.jump_to_next_at_statemachine)
    main                                     0x080021fd   Thumb Code    38  main.o(i.main)
    osKernelInitialize                       0x08002225   Thumb Code    48  cmsis_os2.o(i.osKernelInitialize)
    osKernelStart                            0x08002259   Thumb Code    56  cmsis_os2.o(i.osKernelStart)
    osThreadFlagsWait                        0x08002295   Thumb Code   170  cmsis_os2.o(i.osThreadFlagsWait)
    osThreadNew                              0x08002345   Thumb Code   158  cmsis_os2.o(i.osThreadNew)
    pvPortMalloc                             0x08002b91   Thumb Code   210  heap_4.o(i.pvPortMalloc)
    pxPortInitialiseStack                    0x08002c69   Thumb Code    40  port.o(i.pxPortInitialiseStack)
    send_at_command                          0x08002c95   Thumb Code    26  usart.o(i.send_at_command)
    should_update                            0x08002cb5   Thumb Code    36  utils.o(i.should_update)
    uxListRemove                             0x08002cf9   Thumb Code    38  list.o(i.uxListRemove)
    uxTaskGetNumberOfTasks                   0x08002d21   Thumb Code     6  tasks.o(i.uxTaskGetNumberOfTasks)
    uxTaskGetStackHighWaterMark              0x08002d2d   Thumb Code    12  tasks.o(i.uxTaskGetStackHighWaterMark)
    vApplicationGetIdleTaskMemory            0x08002d3d   Thumb Code    16  cmsis_os2.o(i.vApplicationGetIdleTaskMemory)
    vApplicationGetTimerTaskMemory           0x08002d51   Thumb Code    18  cmsis_os2.o(i.vApplicationGetTimerTaskMemory)
    vListInitialise                          0x08002d69   Thumb Code    22  list.o(i.vListInitialise)
    vListInitialiseItem                      0x08002d7f   Thumb Code     6  list.o(i.vListInitialiseItem)
    vListInsert                              0x08002d85   Thumb Code    48  list.o(i.vListInsert)
    vListInsertEnd                           0x08002db5   Thumb Code    24  list.o(i.vListInsertEnd)
    vPortEnterCritical                       0x08002dcd   Thumb Code    54  port.o(i.vPortEnterCritical)
    vPortExitCritical                        0x08002e0d   Thumb Code    34  port.o(i.vPortExitCritical)
    vPortFree                                0x08002e35   Thumb Code    88  heap_4.o(i.vPortFree)
    vPortSetupTimerInterrupt                 0x08002e91   Thumb Code    32  port.o(i.vPortSetupTimerInterrupt)
    vPortValidateInterruptPriority           0x08002eb5   Thumb Code    74  port.o(i.vPortValidateInterruptPriority)
    vQueueAddToRegistry                      0x08002f09   Thumb Code    34  queue.o(i.vQueueAddToRegistry)
    vQueueWaitForMessageRestricted           0x08002f31   Thumb Code    68  queue.o(i.vQueueWaitForMessageRestricted)
    vTaskInternalSetTimeOutState             0x08002f75   Thumb Code    12  tasks.o(i.vTaskInternalSetTimeOutState)
    vTaskMissedYield                         0x08002f85   Thumb Code     8  tasks.o(i.vTaskMissedYield)
    vTaskPlaceOnEventList                    0x08002f91   Thumb Code    44  tasks.o(i.vTaskPlaceOnEventList)
    vTaskPlaceOnEventListRestricted          0x08002fc1   Thumb Code    52  tasks.o(i.vTaskPlaceOnEventListRestricted)
    vTaskStartScheduler                      0x08002ff9   Thumb Code   118  tasks.o(i.vTaskStartScheduler)
    vTaskSuspendAll                          0x08003081   Thumb Code    10  tasks.o(i.vTaskSuspendAll)
    vTaskSwitchContext                       0x08003091   Thumb Code    90  tasks.o(i.vTaskSwitchContext)
    xPortStartScheduler                      0x080030f5   Thumb Code   222  port.o(i.xPortStartScheduler)
    xPortSysTickHandler                      0x080031e9   Thumb Code    38  port.o(i.xPortSysTickHandler)
    xQueueGenericCreateStatic                0x08003215   Thumb Code   102  queue.o(i.xQueueGenericCreateStatic)
    xQueueGenericReset                       0x0800327d   Thumb Code   132  queue.o(i.xQueueGenericReset)
    xQueueGenericSend                        0x08003305   Thumb Code   346  queue.o(i.xQueueGenericSend)
    xQueueGenericSendFromISR                 0x08003465   Thumb Code   188  queue.o(i.xQueueGenericSendFromISR)
    xQueueReceive                            0x08003521   Thumb Code   308  queue.o(i.xQueueReceive)
    xTaskCheckForTimeOut                     0x08003659   Thumb Code   112  tasks.o(i.xTaskCheckForTimeOut)
    xTaskCreate                              0x080036cd   Thumb Code    90  tasks.o(i.xTaskCreate)
    xTaskCreateStatic                        0x08003727   Thumb Code    86  tasks.o(i.xTaskCreateStatic)
    xTaskGetSchedulerState                   0x0800377d   Thumb Code    22  tasks.o(i.xTaskGetSchedulerState)
    xTaskGetTickCount                        0x08003799   Thumb Code     6  tasks.o(i.xTaskGetTickCount)
    xTaskIncrementTick                       0x080037a5   Thumb Code   190  tasks.o(i.xTaskIncrementTick)
    xTaskNotifyWait                          0x0800386d   Thumb Code   130  tasks.o(i.xTaskNotifyWait)
    xTaskPriorityDisinherit                  0x080038f9   Thumb Code   118  tasks.o(i.xTaskPriorityDisinherit)
    xTaskRemoveFromEventList                 0x08003979   Thumb Code    98  tasks.o(i.xTaskRemoveFromEventList)
    xTaskResumeAll                           0x080039e9   Thumb Code   182  tasks.o(i.xTaskResumeAll)
    xTimerCreateTimerTask                    0x08003aad   Thumb Code    78  timers.o(i.xTimerCreateTimerTask)
    xTimerGenericCommand                     0x08003b0d   Thumb Code    98  timers.o(i.xTimerGenericCommand)
    at_downloadfile_attributes               0x08003bd4   Data          36  app_freertos.o(.constdata)
    AHBPrescTable                            0x08003c48   Data          16  system_stm32g4xx.o(.constdata)
    APBPrescTable                            0x08003c58   Data           8  system_stm32g4xx.o(.constdata)
    Region$$Table$$Base                      0x08003c70   Number         0  anon$$obj.o(Region$$Table)
    Region$$Table$$Limit                     0x08003c90   Number         0  anon$$obj.o(Region$$Table)
    at_downloadfileHandle                    0x20000010   Data           4  app_freertos.o(.data)
    uwTickPrio                               0x20000018   Data           4  stm32g4xx_hal.o(.data)
    uwTickFreq                               0x2000001c   Data           4  stm32g4xx_hal.o(.data)
    uwTick                                   0x20000020   Data           4  stm32g4xx_hal.o(.data)
    SystemCoreClock                          0x20000024   Data           4  system_stm32g4xx.o(.data)
    pxCurrentTCB                             0x20000028   Data           4  tasks.o(.data)
    __stdout                                 0x200000a0   Data           4  stdout.o(.data)
    at_buffer                                0x200000b4   Data        1200  app_freertos.o(.bss)
    xQueueRegistry                           0x20000564   Data          64  queue.o(.bss)
    __initial_sp                             0x20002238   Data           0  startup_stm32g431xx.o(STACK)



==============================================================================

Memory Map of the image

  Image Entry point : 0x080001d9

  Load Region LR_IROM1 (Base: 0x08000000, Size: 0x00003d34, Max: 0x00008000, ABSOLUTE)

    Execution Region ER_IROM1 (Exec base: 0x08000000, Load base: 0x08000000, Size: 0x00003c90, Max: 0x00008000, ABSOLUTE)

    Exec Addr    Load Addr    Size         Type   Attr      Idx    E Section Name        Object

    0x08000000   0x08000000   0x000001d8   Data   RO            3    RESET               startup_stm32g431xx.o
    0x080001d8   0x080001d8   0x00000000   Code   RO         4376  * .ARM.Collect$$$$00000000  mc_w.l(entry.o)
    0x080001d8   0x080001d8   0x00000004   Code   RO         4658    .ARM.Collect$$$$00000001  mc_w.l(entry2.o)
    0x080001dc   0x080001dc   0x00000004   Code   RO         4661    .ARM.Collect$$$$00000004  mc_w.l(entry5.o)
    0x080001e0   0x080001e0   0x00000000   Code   RO         4663    .ARM.Collect$$$$00000008  mc_w.l(entry7b.o)
    0x080001e0   0x080001e0   0x00000000   Code   RO         4665    .ARM.Collect$$$$0000000A  mc_w.l(entry8b.o)
    0x080001e0   0x080001e0   0x00000008   Code   RO         4666    .ARM.Collect$$$$0000000B  mc_w.l(entry9a.o)
    0x080001e8   0x080001e8   0x00000000   Code   RO         4668    .ARM.Collect$$$$0000000D  mc_w.l(entry10a.o)
    0x080001e8   0x080001e8   0x00000000   Code   RO         4670    .ARM.Collect$$$$0000000F  mc_w.l(entry11a.o)
    0x080001e8   0x080001e8   0x00000004   Code   RO         4659    .ARM.Collect$$$$00002712  mc_w.l(entry2.o)
    0x080001ec   0x080001ec   0x000000be   Code   RO         4299    .emb_text           port.o
    0x080002aa   0x080002aa   0x00000002   PAD
    0x080002ac   0x080002ac   0x00000024   Code   RO            4    .text               startup_stm32g431xx.o
    0x080002d0   0x080002d0   0x00000062   Code   RO         4379    .text               mc_w.l(uldiv.o)
    0x08000332   0x08000332   0x00000024   Code   RO         4381    .text               mc_w.l(memcpya.o)
    0x08000356   0x08000356   0x00000024   Code   RO         4385    .text               mc_w.l(memseta.o)
    0x0800037a   0x0800037a   0x00000024   Code   RO         4387    .text               mc_w.l(strstr.o)
    0x0800039e   0x0800039e   0x00000018   Code   RO         4389    .text               mc_w.l(strncpy.o)
    0x080003b6   0x080003b6   0x00000014   Code   RO         4391    .text               mc_w.l(strchr.o)
    0x080003ca   0x080003ca   0x0000000e   Code   RO         4393    .text               mc_w.l(strlen.o)
    0x080003d8   0x080003d8   0x0000001e   Code   RO         4675    .text               mc_w.l(llshl.o)
    0x080003f6   0x080003f6   0x00000020   Code   RO         4677    .text               mc_w.l(llushr.o)
    0x08000416   0x08000416   0x00000002   PAD
    0x08000418   0x08000418   0x00000024   Code   RO         4690    .text               mc_w.l(init.o)
    0x0800043c   0x0800043c   0x00000002   Code   RO          593    i.BusFault_Handler  stm32g4xx_it.o
    0x0800043e   0x0800043e   0x00000002   Code   RO          594    i.DMA1_Channel1_IRQHandler  stm32g4xx_it.o
    0x08000440   0x08000440   0x00000002   Code   RO          595    i.DebugMon_Handler  stm32g4xx_it.o
    0x08000442   0x08000442   0x00000002   PAD
    0x08000444   0x08000444   0x00000024   Code   RO          895    i.HAL_Delay         stm32g4xx_hal.o
    0x08000468   0x08000468   0x000001c8   Code   RO          825    i.HAL_GPIO_Init     stm32g4xx_hal_gpio.o
    0x08000630   0x08000630   0x0000000a   Code   RO          829    i.HAL_GPIO_WritePin  stm32g4xx_hal_gpio.o
    0x0800063a   0x0800063a   0x00000002   PAD
    0x0800063c   0x0800063c   0x0000000c   Code   RO          899    i.HAL_GetTick       stm32g4xx_hal.o
    0x08000648   0x08000648   0x00000010   Code   RO          902    i.HAL_IncTick       stm32g4xx_hal.o
    0x08000658   0x08000658   0x0000001e   Code   RO          903    i.HAL_Init          stm32g4xx_hal.o
    0x08000676   0x08000676   0x00000002   PAD
    0x08000678   0x08000678   0x00000044   Code   RO          904    i.HAL_InitTick      stm32g4xx_hal.o
    0x080006bc   0x080006bc   0x00000030   Code   RO          668    i.HAL_MspInit       stm32g4xx_hal_msp.o
    0x080006ec   0x080006ec   0x00000040   Code   RO         2173    i.HAL_NVIC_SetPriority  stm32g4xx_hal_cortex.o
    0x0800072c   0x0800072c   0x00000024   Code   RO         2174    i.HAL_NVIC_SetPriorityGrouping  stm32g4xx_hal_cortex.o
    0x08000750   0x08000750   0x000000bc   Code   RO         1923    i.HAL_PWREx_ControlVoltageScaling  stm32g4xx_hal_pwr_ex.o
    0x0800080c   0x0800080c   0x00000010   Code   RO         1935    i.HAL_PWREx_DisableUCPDDeadBattery  stm32g4xx_hal_pwr_ex.o
    0x0800081c   0x0800081c   0x00000288   Code   RO         1248    i.HAL_RCCEx_PeriphCLKConfig  stm32g4xx_hal_rcc_ex.o
    0x08000aa4   0x08000aa4   0x000001dc   Code   RO         1123    i.HAL_RCC_ClockConfig  stm32g4xx_hal_rcc.o
    0x08000c80   0x08000c80   0x00000070   Code   RO         1133    i.HAL_RCC_GetSysClockFreq  stm32g4xx_hal_rcc.o
    0x08000cf0   0x08000cf0   0x0000040c   Code   RO         1136    i.HAL_RCC_OscConfig  stm32g4xx_hal_rcc.o
    0x080010fc   0x080010fc   0x00000028   Code   RO         2178    i.HAL_SYSTICK_Config  stm32g4xx_hal_cortex.o
    0x08001124   0x08001124   0x00000002   Code   RO          596    i.HardFault_Handler  stm32g4xx_it.o
    0x08001126   0x08001126   0x00000002   PAD
    0x08001128   0x08001128   0x00000018   Code   RO          516    i.LL_AHB2_GRP1_EnableClock  usart.o
    0x08001140   0x08001140   0x00000136   Code   RO         2502    i.LL_GPIO_Init      stm32g4xx_ll_gpio.o
    0x08001276   0x08001276   0x00000002   PAD
    0x08001278   0x08001278   0x000000a0   Code   RO         2298    i.LL_LPUART_Init    stm32g4xx_ll_lpuart.o
    0x08001318   0x08001318   0x00000054   Code   RO         2348    i.LL_RCC_GetLPUARTClockFreq  stm32g4xx_ll_rcc.o
    0x0800136c   0x0800136c   0x0000005c   Code   RO         2352    i.LL_RCC_GetUARTClockFreq  stm32g4xx_ll_rcc.o
    0x080013c8   0x080013c8   0x000000b4   Code   RO         2353    i.LL_RCC_GetUSARTClockFreq  stm32g4xx_ll_rcc.o
    0x0800147c   0x0800147c   0x00000010   Code   RO         2355    i.LL_RCC_HSI_IsReady  stm32g4xx_ll_rcc.o
    0x0800148c   0x0800148c   0x00000010   Code   RO         2356    i.LL_RCC_LSE_IsReady  stm32g4xx_ll_rcc.o
    0x0800149c   0x0800149c   0x000000e8   Code   RO         2603    i.LL_USART_Init     stm32g4xx_ll_usart.o
    0x08001584   0x08001584   0x00000060   Code   RO          488    i.MX_DMA_Init       dma.o
    0x080015e4   0x080015e4   0x00000020   Code   RO          444    i.MX_FREERTOS_Init  app_freertos.o
    0x08001604   0x08001604   0x00000098   Code   RO          420    i.MX_GPIO_Init      gpio.o
    0x0800169c   0x0800169c   0x000000c0   Code   RO          517    i.MX_LPUART1_UART_Init  usart.o
    0x0800175c   0x0800175c   0x0000017c   Code   RO          518    i.MX_USART3_UART_Init  usart.o
    0x080018d8   0x080018d8   0x00000002   Code   RO          597    i.MemManage_Handler  stm32g4xx_it.o
    0x080018da   0x080018da   0x00000002   Code   RO          598    i.NMI_Handler       stm32g4xx_it.o
    0x080018dc   0x080018dc   0x00000020   Code   RO         2358    i.RCC_GetHCLKClockFreq  stm32g4xx_ll_rcc.o
    0x080018fc   0x080018fc   0x00000020   Code   RO         2359    i.RCC_GetPCLK1ClockFreq  stm32g4xx_ll_rcc.o
    0x0800191c   0x0800191c   0x00000020   Code   RO         2360    i.RCC_GetPCLK2ClockFreq  stm32g4xx_ll_rcc.o
    0x0800193c   0x0800193c   0x0000002c   Code   RO         2361    i.RCC_GetSystemClockFreq  stm32g4xx_ll_rcc.o
    0x08001968   0x08001968   0x0000004c   Code   RO         2364    i.RCC_PLL_GetFreqDomain_SYS  stm32g4xx_ll_rcc.o
    0x080019b4   0x080019b4   0x00000018   Code   RO          599    i.SysTick_Handler   stm32g4xx_it.o
    0x080019cc   0x080019cc   0x00000070   Code   RO          346    i.SystemClock_Config  main.o
    0x08001a3c   0x08001a3c   0x0000001c   Code   RO         2693    i.SystemInit        system_stm32g4xx.o
    0x08001a58   0x08001a58   0x00000006   Code   RO          600    i.USART3_IRQHandler  stm32g4xx_it.o
    0x08001a5e   0x08001a5e   0x00000002   Code   RO          601    i.UsageFault_Handler  stm32g4xx_it.o
    0x08001a60   0x08001a60   0x00000020   Code   RO         4508    i.__0printf$4       mc_w.l(printf4.o)
    0x08001a80   0x08001a80   0x00000028   Code   RO         4510    i.__0sprintf$4      mc_w.l(printf4.o)
    0x08001aa8   0x08001aa8   0x00000020   Code   RO         2180    i.__NVIC_SetPriority  stm32g4xx_hal_cortex.o
    0x08001ac8   0x08001ac8   0x0000000e   Code   RO         4698    i.__scatterload_copy  mc_w.l(handlers.o)
    0x08001ad6   0x08001ad6   0x00000002   Code   RO         4699    i.__scatterload_null  mc_w.l(handlers.o)
    0x08001ad8   0x08001ad8   0x0000000e   Code   RO         4700    i.__scatterload_zeroinit  mc_w.l(handlers.o)
    0x08001ae6   0x08001ae6   0x00000002   PAD
    0x08001ae8   0x08001ae8   0x0000022c   Code   RO         4515    i._printf_core      mc_w.l(printf4.o)
    0x08001d14   0x08001d14   0x0000000a   Code   RO         4517    i._sputc            mc_w.l(printf4.o)
    0x08001d1e   0x08001d1e   0x00000002   PAD
    0x08001d20   0x08001d20   0x00000044   Code   RO          277    i.at_close_file_action1  at_read_file_state.o
    0x08001d64   0x08001d64   0x00000018   Code   RO          278    i.at_close_file_action2  at_read_file_state.o
    0x08001d7c   0x08001d7c   0x000000f4   Code   RO          445    i.at_download_file_task  app_freertos.o
    0x08001e70   0x08001e70   0x00000048   Code   RO          279    i.at_list_file_action1  at_read_file_state.o
    0x08001eb8   0x08001eb8   0x00000018   Code   RO          280    i.at_list_file_action2  at_read_file_state.o
    0x08001ed0   0x08001ed0   0x00000054   Code   RO          281    i.at_open_file_action1  at_read_file_state.o
    0x08001f24   0x08001f24   0x0000002c   Code   RO          282    i.at_open_file_action2  at_read_file_state.o
    0x08001f50   0x08001f50   0x00000048   Code   RO          283    i.at_read_file_action1  at_read_file_state.o
    0x08001f98   0x08001f98   0x0000006c   Code   RO          284    i.at_read_file_action2  at_read_file_state.o
    0x08002004   0x08002004   0x00000018   Code   RO          520    i.fputc             usart.o
    0x0800201c   0x0800201c   0x0000000c   Code   RO          521    i.get_current_buffer_length  usart.o
    0x08002028   0x08002028   0x00000008   Code   RO          225    i.get_current_state_index  at_statemachine.o
    0x08002030   0x08002030   0x000000ac   Code   RO           14    i.get_file_handle_from_buffer  utils.o
    0x080020dc   0x080020dc   0x00000008   Code   RO           15    i.get_file_handle_string  utils.o
    0x080020e4   0x080020e4   0x00000028   Code   RO          226    i.init_statemachine  at_statemachine.o
    0x0800210c   0x0800210c   0x00000010   Code   RO           16    i.isCorrectCommand  utils.o
    0x0800211c   0x0800211c   0x00000024   Code   RO           17    i.isCorrectCommandFirst  utils.o
    0x08002140   0x08002140   0x00000028   Code   RO           18    i.isCorrectCommandFromLast  utils.o
    0x08002168   0x08002168   0x00000064   Code   RO           19    i.jump_to_app       utils.o
    0x080021cc   0x080021cc   0x00000030   Code   RO          227    i.jump_to_next_at_statemachine  at_statemachine.o
    0x080021fc   0x080021fc   0x00000026   Code   RO          347    i.main              main.o
    0x08002222   0x08002222   0x00000002   PAD
    0x08002224   0x08002224   0x00000034   Code   RO         3834    i.osKernelInitialize  cmsis_os2.o
    0x08002258   0x08002258   0x0000003c   Code   RO         3837    i.osKernelStart     cmsis_os2.o
    0x08002294   0x08002294   0x000000b0   Code   RO         3863    i.osThreadFlagsWait  cmsis_os2.o
    0x08002344   0x08002344   0x000000a4   Code   RO         3870    i.osThreadNew       cmsis_os2.o
    0x080023e8   0x080023e8   0x0000005c   Code   RO         3301    i.prvAddCurrentTaskToDelayedList  tasks.o
    0x08002444   0x08002444   0x000000d0   Code   RO         3302    i.prvAddNewTaskToReadyList  tasks.o
    0x08002514   0x08002514   0x00000058   Code   RO         3654    i.prvCheckForValidListAndQueue  timers.o
    0x0800256c   0x0800256c   0x00000026   Code   RO         2898    i.prvCopyDataFromQueue  queue.o
    0x08002592   0x08002592   0x0000006c   Code   RO         2899    i.prvCopyDataToQueue  queue.o
    0x080025fe   0x080025fe   0x00000034   Code   RO         3303    i.prvDeleteTCB      tasks.o
    0x08002632   0x08002632   0x00000002   PAD
    0x08002634   0x08002634   0x0000004c   Code   RO         4250    i.prvHeapInit       heap_4.o
    0x08002680   0x08002680   0x00000060   Code   RO         3304    i.prvIdleTask       tasks.o
    0x080026e0   0x080026e0   0x00000022   Code   RO         2901    i.prvInitialiseNewQueue  queue.o
    0x08002702   0x08002702   0x00000002   PAD
    0x08002704   0x08002704   0x000000b0   Code   RO         3305    i.prvInitialiseNewTask  tasks.o
    0x080027b4   0x080027b4   0x0000004c   Code   RO         4251    i.prvInsertBlockIntoFreeList  heap_4.o
    0x08002800   0x08002800   0x00000038   Code   RO         3656    i.prvInsertTimerInActiveList  timers.o
    0x08002838   0x08002838   0x0000001c   Code   RO         2902    i.prvIsQueueEmpty   queue.o
    0x08002854   0x08002854   0x000000fc   Code   RO         3657    i.prvProcessReceivedCommands  timers.o
    0x08002950   0x08002950   0x000000c0   Code   RO         3658    i.prvProcessTimerOrBlockTask  timers.o
    0x08002a10   0x08002a10   0x00000020   Code   RO         3307    i.prvResetNextTaskUnblockTime  tasks.o
    0x08002a30   0x08002a30   0x00000028   Code   RO         3659    i.prvSampleTimeNow  timers.o
    0x08002a58   0x08002a58   0x0000006c   Code   RO         3660    i.prvSwitchTimerLists  timers.o
    0x08002ac4   0x08002ac4   0x00000014   Code   RO         3308    i.prvTaskCheckFreeStackSpace  tasks.o
    0x08002ad8   0x08002ad8   0x00000028   Code   RO         4300    i.prvTaskExitError  port.o
    0x08002b00   0x08002b00   0x00000024   Code   RO         3661    i.prvTimerTask      timers.o
    0x08002b24   0x08002b24   0x0000006a   Code   RO         2903    i.prvUnlockQueue    queue.o
    0x08002b8e   0x08002b8e   0x00000002   PAD
    0x08002b90   0x08002b90   0x000000d8   Code   RO         4252    i.pvPortMalloc      heap_4.o
    0x08002c68   0x08002c68   0x0000002c   Code   RO         4301    i.pxPortInitialiseStack  port.o
    0x08002c94   0x08002c94   0x00000020   Code   RO          522    i.send_at_command   usart.o
    0x08002cb4   0x08002cb4   0x00000044   Code   RO           20    i.should_update     utils.o
    0x08002cf8   0x08002cf8   0x00000026   Code   RO         2858    i.uxListRemove      list.o
    0x08002d1e   0x08002d1e   0x00000002   PAD
    0x08002d20   0x08002d20   0x0000000c   Code   RO         3312    i.uxTaskGetNumberOfTasks  tasks.o
    0x08002d2c   0x08002d2c   0x00000010   Code   RO         3313    i.uxTaskGetStackHighWaterMark  tasks.o
    0x08002d3c   0x08002d3c   0x00000014   Code   RO         3882    i.vApplicationGetIdleTaskMemory  cmsis_os2.o
    0x08002d50   0x08002d50   0x00000018   Code   RO         3883    i.vApplicationGetTimerTaskMemory  cmsis_os2.o
    0x08002d68   0x08002d68   0x00000016   Code   RO         2859    i.vListInitialise   list.o
    0x08002d7e   0x08002d7e   0x00000006   Code   RO         2860    i.vListInitialiseItem  list.o
    0x08002d84   0x08002d84   0x00000030   Code   RO         2861    i.vListInsert       list.o
    0x08002db4   0x08002db4   0x00000018   Code   RO         2862    i.vListInsertEnd    list.o
    0x08002dcc   0x08002dcc   0x00000040   Code   RO         4303    i.vPortEnterCritical  port.o
    0x08002e0c   0x08002e0c   0x00000028   Code   RO         4304    i.vPortExitCritical  port.o
    0x08002e34   0x08002e34   0x0000005c   Code   RO         4253    i.vPortFree         heap_4.o
    0x08002e90   0x08002e90   0x00000024   Code   RO         4305    i.vPortSetupTimerInterrupt  port.o
    0x08002eb4   0x08002eb4   0x00000054   Code   RO         4306    i.vPortValidateInterruptPriority  port.o
    0x08002f08   0x08002f08   0x00000028   Code   RO         2909    i.vQueueAddToRegistry  queue.o
    0x08002f30   0x08002f30   0x00000044   Code   RO         2913    i.vQueueWaitForMessageRestricted  queue.o
    0x08002f74   0x08002f74   0x00000010   Code   RO         3324    i.vTaskInternalSetTimeOutState  tasks.o
    0x08002f84   0x08002f84   0x0000000c   Code   RO         3325    i.vTaskMissedYield  tasks.o
    0x08002f90   0x08002f90   0x00000030   Code   RO         3327    i.vTaskPlaceOnEventList  tasks.o
    0x08002fc0   0x08002fc0   0x00000038   Code   RO         3328    i.vTaskPlaceOnEventListRestricted  tasks.o
    0x08002ff8   0x08002ff8   0x00000088   Code   RO         3336    i.vTaskStartScheduler  tasks.o
    0x08003080   0x08003080   0x00000010   Code   RO         3338    i.vTaskSuspendAll   tasks.o
    0x08003090   0x08003090   0x00000064   Code   RO         3339    i.vTaskSwitchContext  tasks.o
    0x080030f4   0x080030f4   0x000000f4   Code   RO         4307    i.xPortStartScheduler  port.o
    0x080031e8   0x080031e8   0x0000002c   Code   RO         4308    i.xPortSysTickHandler  port.o
    0x08003214   0x08003214   0x00000066   Code   RO         2919    i.xQueueGenericCreateStatic  queue.o
    0x0800327a   0x0800327a   0x00000002   PAD
    0x0800327c   0x0800327c   0x00000088   Code   RO         2920    i.xQueueGenericReset  queue.o
    0x08003304   0x08003304   0x00000160   Code   RO         2921    i.xQueueGenericSend  queue.o
    0x08003464   0x08003464   0x000000bc   Code   RO         2922    i.xQueueGenericSendFromISR  queue.o
    0x08003520   0x08003520   0x00000138   Code   RO         2931    i.xQueueReceive     queue.o
    0x08003658   0x08003658   0x00000074   Code   RO         3340    i.xTaskCheckForTimeOut  tasks.o
    0x080036cc   0x080036cc   0x0000005a   Code   RO         3341    i.xTaskCreate       tasks.o
    0x08003726   0x08003726   0x00000056   Code   RO         3342    i.xTaskCreateStatic  tasks.o
    0x0800377c   0x0800377c   0x0000001c   Code   RO         3346    i.xTaskGetSchedulerState  tasks.o
    0x08003798   0x08003798   0x0000000c   Code   RO         3347    i.xTaskGetTickCount  tasks.o
    0x080037a4   0x080037a4   0x000000c8   Code   RO         3349    i.xTaskIncrementTick  tasks.o
    0x0800386c   0x0800386c   0x0000008c   Code   RO         3351    i.xTaskNotifyWait   tasks.o
    0x080038f8   0x080038f8   0x00000080   Code   RO         3352    i.xTaskPriorityDisinherit  tasks.o
    0x08003978   0x08003978   0x00000070   Code   RO         3354    i.xTaskRemoveFromEventList  tasks.o
    0x080039e8   0x080039e8   0x000000c4   Code   RO         3355    i.xTaskResumeAll    tasks.o
    0x08003aac   0x08003aac   0x00000060   Code   RO         3669    i.xTimerCreateTimerTask  timers.o
    0x08003b0c   0x08003b0c   0x00000068   Code   RO         3670    i.xTimerGenericCommand  timers.o
    0x08003b74   0x08003b74   0x00000060   Data   RO          229    .constdata          at_statemachine.o
    0x08003bd4   0x08003bd4   0x00000024   Data   RO          447    .constdata          app_freertos.o
    0x08003bf8   0x08003bf8   0x00000006   Data   RO          524    .constdata          usart.o
    0x08003bfe   0x08003bfe   0x00000018   Data   RO         2300    .constdata          stm32g4xx_ll_lpuart.o
    0x08003c16   0x08003c16   0x00000002   PAD
    0x08003c18   0x08003c18   0x00000030   Data   RO         2605    .constdata          stm32g4xx_ll_usart.o
    0x08003c48   0x08003c48   0x00000010   Data   RO         2694    .constdata          system_stm32g4xx.o
    0x08003c58   0x08003c58   0x00000008   Data   RO         2695    .constdata          system_stm32g4xx.o
    0x08003c60   0x08003c60   0x00000010   Data   RO          448    .conststring        app_freertos.o
    0x08003c70   0x08003c70   0x00000020   Data   RO         4696    Region$$Table       anon$$obj.o


    Execution Region RW_IRAM1 (Exec base: 0x20000000, Load base: 0x08003c90, Size: 0x00002238, Max: 0x00008000, ABSOLUTE)

    Exec Addr    Load Addr    Size         Type   Attr      Idx    E Section Name        Object

    0x20000000   0x08003c90   0x00000004   Data   RW           21    .data               utils.o
    0x20000004   0x08003c94   0x00000008   Data   RW          230    .data               at_statemachine.o
    0x2000000c   0x08003c9c   0x00000001   Data   RW          285    .data               at_read_file_state.o
    0x2000000d   0x08003c9d   0x00000003   PAD
    0x20000010   0x08003ca0   0x00000004   Data   RW          449    .data               app_freertos.o
    0x20000014   0x08003ca4   0x00000004   Data   RW          525    .data               usart.o
    0x20000018   0x08003ca8   0x0000000c   Data   RW          923    .data               stm32g4xx_hal.o
    0x20000024   0x08003cb4   0x00000004   Data   RW         2696    .data               system_stm32g4xx.o
    0x20000028   0x08003cb8   0x0000003c   Data   RW         3358    .data               tasks.o
    0x20000064   0x08003cf4   0x00000014   Data   RW         3678    .data               timers.o
    0x20000078   0x08003d08   0x00000004   Data   RW         3885    .data               cmsis_os2.o
    0x2000007c   0x08003d0c   0x00000018   Data   RW         4258    .data               heap_4.o
    0x20000094   0x08003d24   0x0000000c   Data   RW         4309    .data               port.o
    0x200000a0   0x08003d30   0x00000004   Data   RW         4672    .data               mc_w.l(stdout.o)
    0x200000a4        -       0x00000010   Zero   RW          228    .bss                at_statemachine.o
    0x200000b4        -       0x000004b0   Zero   RW          446    .bss                app_freertos.o
    0x20000564        -       0x00000040   Zero   RW         2935    .bss                queue.o
    0x200005a4        -       0x000004c4   Zero   RW         3357    .bss                tasks.o
    0x20000a68        -       0x00000118   Zero   RW         3677    .bss                timers.o
    0x20000b80        -       0x000006b8   Zero   RW         3884    .bss                cmsis_os2.o
    0x20001238        -       0x00000c00   Zero   RW         4257    .bss                heap_4.o
    0x20001e38        -       0x00000400   Zero   RW            1    STACK               startup_stm32g431xx.o


==============================================================================

Image component sizes


      Code (inc. data)   RO Data    RW Data    ZI Data      Debug   Object Name

       276         76         52          4       1200       2388   app_freertos.o
       496        232          0          1          0       5190   at_read_file_state.o
        96         28         96          8         16       3073   at_statemachine.o
       496         30          0          4       1720      30940   cmsis_os2.o
        96         14          0          0          0      31033   dma.o
         0          0          0          0          0      18300   event_groups.o
       152         14          0          0          0        939   gpio.o
       460         24          0         24       3072       4687   heap_4.o
       138          0          0          0          0       3462   list.o
       150          0          0          0          0      11824   main.o
       786         82          0         12          0      11425   port.o
      1512         20          0          0         64      17168   queue.o
        36          8        472          0       1024        820   startup_stm32g431xx.o
       162         24          0         12          0       4221   stm32g4xx_hal.o
       172         14          0          0          0      33074   stm32g4xx_hal_cortex.o
       466         34          0          0          0       2400   stm32g4xx_hal_gpio.o
        48          6          0          0          0        834   stm32g4xx_hal_msp.o
       204         18          0          0          0       1377   stm32g4xx_hal_pwr_ex.o
      1624         68          0          0          0       4730   stm32g4xx_hal_rcc.o
       648         10          0          0          0       1848   stm32g4xx_hal_rcc_ex.o
        44          0          0          0          0       4146   stm32g4xx_it.o
       310          0          0          0          0       7287   stm32g4xx_ll_gpio.o
       160         10         24          0          0      19205   stm32g4xx_ll_lpuart.o
       604         88          0          0          0      29371   stm32g4xx_ll_rcc.o
       232         26         48          0          0      26580   stm32g4xx_ll_usart.o
         0          0          0          0          0        392   stream_buffer.o
        28          6         24          4          0       1119   system_stm32g4xx.o
      2196        180          0         60       1220      28372   tasks.o
       972         80          0         20        280      31771   timers.o
       664         62          6          4          0      62033   usart.o
       440        136          0          4          0     558491   utils.o

    ----------------------------------------------------------------------
     13692       1290        756        160       8596     958500   Object Totals
         0          0         32          0          0          0   (incl. Generated)
        24          0          2          3          0          0   (incl. Padding)

    ----------------------------------------------------------------------

      Code (inc. data)   RO Data    RW Data    ZI Data      Debug   Library Member Name

         0          0          0          0          0          0   entry.o
         0          0          0          0          0          0   entry10a.o
         0          0          0          0          0          0   entry11a.o
         8          4          0          0          0          0   entry2.o
         4          0          0          0          0          0   entry5.o
         0          0          0          0          0          0   entry7b.o
         0          0          0          0          0          0   entry8b.o
         8          4          0          0          0          0   entry9a.o
        30          0          0          0          0          0   handlers.o
        36          8          0          0          0         68   init.o
        30          0          0          0          0         68   llshl.o
        32          0          0          0          0         68   llushr.o
        36          0          0          0          0         68   memcpya.o
        36          0          0          0          0        108   memseta.o
       638         20          0          0          0        336   printf4.o
         0          0          0          4          0          0   stdout.o
        20          0          0          0          0         68   strchr.o
        14          0          0          0          0         68   strlen.o
        24          0          0          0          0         76   strncpy.o
        36          0          0          0          0         80   strstr.o
        98          0          0          0          0         92   uldiv.o

    ----------------------------------------------------------------------
      1056         36          0          4          0       1100   Library Totals
         6          0          0          0          0          0   (incl. Padding)

    ----------------------------------------------------------------------

      Code (inc. data)   RO Data    RW Data    ZI Data      Debug   Library Name

      1050         36          0          4          0       1100   mc_w.l

    ----------------------------------------------------------------------
      1056         36          0          4          0       1100   Library Totals

    ----------------------------------------------------------------------

==============================================================================


      Code (inc. data)   RO Data    RW Data    ZI Data      Debug   

     14748       1326        756        164       8596     945884   Grand Totals
     14748       1326        756        164       8596     945884   ELF Image Totals
     14748       1326        756        164          0          0   ROM Totals

==============================================================================

    Total RO  Size (Code + RO Data)                15504 (  15.14kB)
    Total RW  Size (RW Data + ZI Data)              8760 (   8.55kB)
    Total ROM Size (Code + RO Data + RW Data)      15668 (  15.30kB)

==============================================================================

